62.234.138.228 - - [10/Apr/2006:08:48:15 +0200] "GET / HTTP/1.1" 200 7 "-" "Mozilla/5.0 (Windows; U; Windows NT 5.0; en-US; rv:1.7.12) Gecko/20050915 Firefox/1.0.7"
213.84.219.101 - - [10/Apr/2006:19:03:14 +0200] "GET /dacachter.JPG HTTP/1.1" 304 - "http://overmaas.tuxtown.net/dacstyle.css" "Mozilla/5.0 (Windows; U; Windows NT 5.1; nl; rv:1.8.0.1) Gecko/20060111 Firefox/1.5.0.1"
66.249.65.115 - - [10/Apr/2006:19:09:11 +0200] "HEAD / HTTP/1.1" 200 - "-" "Mozilla/5.0 (compatible; Googlebot/2.1; +http://www.google.com/bot.html)"
62.234.138.228 - - [11/Apr/2006:09:12:49 +0200] "GET / HTTP/1.1" 200 1911 "http://www.google.com/search?q=info:http%3A%2F%2Fovermaas.tuxtown.net%2F&hl=en" "Mozilla/5.0 (Windows; U; Windows NT 5.0; en-US; rv:1.7.12) Gecko/20050915 Firefox/1.0.7"
62.234.138.228 - - [12/Apr/2006:13:18:17 +0200] "GET / HTTP/1.1" 304 - "http://whitehouse.org/links.htm" "OzzBrowzer 1.1 basic"
62.234.138.228 - - [13/Apr/2006:16:26:24 +0200] "GET /favicon.ico HTTP/1.1" 404 297 "-" "Mozilla/5.0 (Windows; U; Windows NT 5.0; en-US; rv:1.7.12) Gecko/20050915 Firefox/1.0.7"
66.249.66.145 - - [16/Apr/2006:17:35:17 +0200] "GET /sitemap.txt HTTP/1.1" 200 336 "-" "Mozilla/5.0 (compatible; Googlebot/2.1; +http://www.google.com/bot.html)"
213.84.219.101 - - [21/Apr/2006:10:37:42 +0200] "GET /dacachter.JPG HTTP/1.1" 304 - "http://overmaas.tuxtown.net/dacstyle.css" "Mozilla/5.0 (Windows; U; Windows NT 5.1; nl; rv:1.8.0.1) Gecko/20060111 Firefox/1.5.0.1"
213.84.219.101 - - [25/Apr/2006:19:48:18 +0200] "GET /dwnload.html HTTP/1.1" 200 914 "http://overmaas.tuxtown.net/" "Mozilla/4.0 (compatible; MSIE 6.0; Windows NT 5.1; SV1; .NET CLR 1.1.4322)"
213.84.219.101 - - [25/Apr/2006:19:50:09 +0200] "GET /map.gif HTTP/1.1" 200 23438 "http://overmaas.tuxtown.net/route.html" "Mozilla/4.0 (compatible; MSIE 6.0; Windows NT 5.1; SV1; .NET CLR 1.1.4322)"
131.211.84.18 - - [25/Apr/2006:20:32:47 +0200] "GET /sitemap.xml HTTP/1.0" 200 1110 "-" "Python-urllib/1.15"
213.84.219.101 - - [25/Apr/2006:21:37:24 +0200] "GET /dacachter.JPG HTTP/1.1" 304 - "http://overmaas.tuxtown.net" "Mozilla/4.0 (compatible; MSIE 6.0; Windows NT 5.1; SV1; .NET CLR 1.1.4322)"
213.84.219.101 - - [25/Apr/2006:21:38:10 +0200] "GET /DacPresentation.pdf HTTP/1.1" 206 3099 "-" "Mozilla/4.0 (compatible; MSIE 6.0; Windows NT 5.1; SV1; .NET CLR 1.1.4322)"
213.84.219.101 - - [25/Apr/2006:21:53:29 +0200] "GET /dacstyle.css HTTP/1.1" 200 1645 "http://overmaas.tuxtown.net/manufactor.html" "Mozilla/4.0 (compatible; MSIE 6.0; Windows NT 5.1; SV1; .NET CLR 1.1.4322)"
213.84.219.101 - - [25/Apr/2006:21:56:52 +0200] "GET /favicon.ico HTTP/1.1" 404 297 "-" "Mozilla/5.0 (Windows; U; Windows NT 5.1; nl; rv:1.8.0.2) Gecko/20060308 Firefox/1.5.0.2"
213.84.219.101 - - [25/Apr/2006:21:57:27 +0200] "GET /manufactor.html HTTP/1.1" 200 2969 "http://overmaas.tuxtown.net/index.html" "Mozilla/5.0 (Windows; U; Windows NT 5.1; nl; rv:1.8.0.2) Gecko/20060308 Firefox/1.5.0.2"
66.249.65.72 - - [27/Apr/2006:10:23:20 +0200] "HEAD / HTTP/1.1" 200 - "-" "Mozilla/5.0 (compatible; Googlebot/2.1; +http://www.google.com/bot.html)"
86.80.1.7 - - [27/Apr/2006:12:30:33 +0200] "GET /DacPresentation.pdf HTTP/1.1" 200 1264367 "http://overmaas.tuxtown.net/dwnload.html" "Mozilla/4.0 (compatible; MSIE 6.0; Windows NT 5.1; SV1; .NET CLR 1.1.4322)"
213.222.28.155 - - [27/Apr/2006:14:11:04 +0200] "GET /consultancy.html HTTP/1.0" 200 1333 "http://overmaas.tuxtown.net/overdac.html" "Lynx/2.8.5rel.1 libwww-FM/2.14 SSL-MM/1.4.1 GNUTLS/1.0.16"
128.30.52.13 - - [27/Apr/2006:16:59:18 +0200] "GET / HTTP/1.1" 200 1930 "-" "W3C_Validator/1.432.2.10"
213.84.219.101 - - [27/Apr/2006:17:45:10 +0200] "GET /index.html HTTP/1.1" 200 2021 "http://overmaas.tuxtown.net/dwnload.html" "Mozilla/4.0 (compatible; MSIE 6.0; Windows NT 5.1; SV1; .NET CLR 1.1.4322)"
213.84.219.101 - - [27/Apr/2006:17:53:36 +0200] "GET /route.html HTTP/1.1" 304 - "http://overmaas.tuxtown.net/dwnload.html" "Mozilla/4.0 (compatible; MSIE 6.0; Windows NT 5.1; SV1; .NET CLR 1.1.4322)"
213.84.219.101 - - [27/Apr/2006:18:19:31 +0200] "GET /consultancy.html HTTP/1.1" 200 1333 "-" "Mozilla/5.0 (Windows; U; Windows NT 5.1; nl; rv:1.8.0.2) Gecko/20060308 Firefox/1.5.0.2"
213.84.219.101 - - [27/Apr/2006:18:22:40 +0200] "GET /consultancy.html HTTP/1.1" 304 - "-" "Mozilla/5.0 (Windows; U; Windows NT 5.1; nl; rv:1.8.0.2) Gecko/20060308 Firefox/1.5.0.2"
213.84.219.101 - - [27/Apr/2006:18:24:02 +0200] "GET /dacachter.JPG HTTP/1.1" 304 - "http://overmaas.tuxtown.net/dacstyle.css" "Mozilla/5.0 (Windows; U; Windows NT 5.1; nl; rv:1.8.0.2) Gecko/20060308 Firefox/1.5.0.2"
213.84.219.101 - - [27/Apr/2006:18:33:52 +0200] "GET /dacachter.JPG HTTP/1.1" 304 - "http://overmaas.tuxtown.net/dacstyle.css" "Mozilla/5.0 (Windows; U; Windows NT 5.1; nl; rv:1.8.0.2) Gecko/20060308 Firefox/1.5.0.2"
213.84.219.101 - - [27/Apr/2006:18:34:48 +0200] "GET /dacachter.JPG HTTP/1.1" 200 13721 "http://overmaas.tuxtown.net/dacstyle.css" "Mozilla/5.0 (Windows; U; Windows NT 5.1; nl; rv:1.8.0.2) Gecko/20060308 Firefox/1.5.0.2"
213.84.219.101 - - [27/Apr/2006:18:35:56 +0200] "GET /dacachter.JPG HTTP/1.1" 200 13721 "http://overmaas.tuxtown.net/dacstyle.css" "Mozilla/5.0 (Windows; U; Windows NT 5.1; nl; rv:1.8.0.2) Gecko/20060308 Firefox/1.5.0.2"
213.84.219.101 - - [27/Apr/2006:18:38:39 +0200] "GET /dacachter.JPG HTTP/1.1" 304 - "http://overmaas.tuxtown.net/dacstyle.css" "Mozilla/5.0 (Windows; U; Windows NT 5.1; nl; rv:1.8.0.2) Gecko/20060308 Firefox/1.5.0.2"
213.84.219.101 - - [27/Apr/2006:18:39:43 +0200] "GET /dacachter.JPG HTTP/1.1" 200 13721 "http://overmaas.tuxtown.net/dacstyle.css" "Mozilla/5.0 (Windows; U; Windows NT 5.1; nl; rv:1.8.0.2) Gecko/20060308 Firefox/1.5.0.2"
213.84.219.101 - - [27/Apr/2006:18:41:24 +0200] "GET /dacachter.JPG HTTP/1.1" 304 - "http://overmaas.tuxtown.net/dacstyle.css" "Mozilla/5.0 (Windows; U; Windows NT 5.1; nl; rv:1.8.0.2) Gecko/20060308 Firefox/1.5.0.2"
213.84.219.101 - - [27/Apr/2006:18:41:59 +0200] "GET /dacachter.JPG HTTP/1.1" 200 13721 "http://overmaas.tuxtown.net/dacstyle.css" "Mozilla/5.0 (Windows; U; Windows NT 5.1; nl; rv:1.8.0.2) Gecko/20060308 Firefox/1.5.0.2"
213.84.219.101 - - [27/Apr/2006:19:32:59 +0200] "GET /dacstyle.css HTTP/1.1" 200 1774 "http://overmaas.tuxtown.net/index.html" "Mozilla/4.0 (compatible; MSIE 6.0; Windows NT 5.1; SV1; .NET CLR 1.1.4322)"
213.84.219.101 - - [27/Apr/2006:21:40:49 +0200] "GET /dacachter.JPG HTTP/1.1" 200 13721 "http://overmaas.tuxtown.net/dacstyle.css" "Mozilla/5.0 (Windows; U; Windows NT 5.1; nl; rv:1.8.0.2) Gecko/20060308 Firefox/1.5.0.2"
66.249.65.72 - - [27/Apr/2006:22:08:48 +0200] "GET /robots.txt HTTP/1.1" 200 36 "-" "Mozilla/5.0 (compatible; Googlebot/2.1; +http://www.google.com/bot.html)"
213.84.219.101 - - [27/Apr/2006:22:47:54 +0200] "GET /route.html HTTP/1.1" 304 - "http://overmaas.tuxtown.net/dwnload.html" "Mozilla/4.0 (compatible; MSIE 6.0; Windows NT 5.1; SV1; .NET CLR 1.1.4322)"
62.234.138.228 - - [28/Apr/2006:09:00:42 +0200] "GET /dacachter.JPG HTTP/1.1" 200 13721 "http://overmaas.tuxtown.net/" "Mozilla/5.0 (Windows; U; Windows NT 5.0; en-US; rv:1.7.12) Gecko/20050915 Firefox/1.0.7"
62.234.138.228 - - [28/Apr/2006:09:01:48 +0200] "GET /DacPresentation.pdf HTTP/1.1" 200 1264367 "http://overmaas.tuxtown.net/dwnload.html" "Mozilla/5.0 (Windows; U; Windows NT 5.0; en-US; rv:1.7.12) Gecko/20050915 Firefox/1.0.7"
83.83.146.102 - - [29/Apr/2006:18:45:10 +0200] "GET / HTTP/1.1" 200 1848 "-" "Mozilla/5.0 (Windows; U; Windows NT 5.1; en-US; rv:1.7.8) Gecko/20050511 Firefox/1.0.4"
66.249.66.133 - - [30/Apr/2006:05:06:31 +0200] "GET /robots.txt HTTP/1.1" 200 36 "-" "Mozilla/5.0 (compatible; Googlebot/2.1; +http://www.google.com/bot.html)"
213.84.219.101 - - [01/May/2006:19:26:21 +0200] "GET /dacachter.JPG HTTP/1.1" 304 - "http://overmaas.tuxtown.net/overdac.html" "Mozilla/4.0 (compatible; MSIE 6.0; Windows NT 5.1; SV1; .NET CLR 1.1.4322)"
213.84.219.101 - - [01/May/2006:19:34:18 +0200] "GET /index.html HTTP/1.1" 304 - "http://overmaas.tuxtown.net/overdac.html" "Mozilla/4.0 (compatible; MSIE 6.0; Windows NT 5.1; SV1; .NET CLR 1.1.4322)"
213.84.219.101 - - [01/May/2006:19:35:03 +0200] "GET /dacstyle.css HTTP/1.1" 304 - "http://overmaas.tuxtown.net/index.html" "Mozilla/4.0 (compatible; MSIE 6.0; Windows NT 5.1; SV1; .NET CLR 1.1.4322)"
213.84.219.101 - - [01/May/2006:19:36:32 +0200] "GET /pics/dacimg-054.jpg HTTP/1.1" 304 - "http://overmaas.tuxtown.net/index.html" "Mozilla/4.0 (compatible; MSIE 6.0; Windows NT 5.1; SV1; .NET CLR 1.1.4322)"
213.84.219.101 - - [01/May/2006:19:37:30 +0200] "GET /dacachter.JPG HTTP/1.1" 304 - "http://overmaas.tuxtown.net/index.html" "Mozilla/4.0 (compatible; MSIE 6.0; Windows NT 5.1; SV1; .NET CLR 1.1.4322)"
213.84.219.101 - - [01/May/2006:19:43:48 +0200] "GET / HTTP/1.1" 200 1920 "-" "Mozilla/5.0 (Windows; U; Windows NT 5.1; nl; rv:1.8.0.2) Gecko/20060308 Firefox/1.5.0.2"
213.84.219.101 - - [01/May/2006:19:49:28 +0200] "GET /dacstyle.css HTTP/1.1" 304 - "http://overmaas.tuxtown.net/overdac.html" "Mozilla/4.0 (compatible; MSIE 6.0; Windows NT 5.1; SV1; .NET CLR 1.1.4322)"
213.84.219.101 - - [01/May/2006:19:51:10 +0200] "GET /dacachter.JPG HTTP/1.1" 304 - "http://overmaas.tuxtown.net/index.html" "Mozilla/4.0 (compatible; MSIE 6.0; Windows NT 5.1; SV1; .NET CLR 1.1.4322)"
213.84.219.101 - - [01/May/2006:19:53:29 +0200] "GET /manufactor.html HTTP/1.1" 304 - "http://overmaas.tuxtown.net/index.html" "Mozilla/4.0 (compatible; MSIE 6.0; Windows NT 5.1; SV1; .NET CLR 1.1.4322)"
213.84.219.101 - - [01/May/2006:20:01:23 +0200] "GET /index.html HTTP/1.1" 200 3446 "http://overmaas.tuxtown.net/overdac.html" "Mozilla/4.0 (compatible; MSIE 6.0; Windows NT 5.1; SV1; .NET CLR 1.1.4322)"
213.84.219.101 - - [01/May/2006:20:12:43 +0200] "GET /dacachter.JPG HTTP/1.1" 304 - "http://overmaas.tuxtown.net/index.html" "Mozilla/4.0 (compatible; MSIE 6.0; Windows NT 5.1; SV1; .NET CLR 1.1.4322)"
213.84.219.101 - - [01/May/2006:20:17:19 +0200] "GET /actuator.html HTTP/1.1" 200 2969 "http://overmaas.tuxtown.net/index.html" "Mozilla/4.0 (compatible; MSIE 6.0; Windows NT 5.1; SV1; .NET CLR 1.1.4322)"
213.84.219.101 - - [01/May/2006:20:17:46 +0200] "GET /dacachter.JPG HTTP/1.1" 304 - "http://overmaas.tuxtown.net/index.html" "Mozilla/4.0 (compatible; MSIE 6.0; Windows NT 5.1; SV1; .NET CLR 1.1.4322)"
213.84.219.101 - - [01/May/2006:20:35:28 +0200] "GET /dacachter.JPG HTTP/1.1" 304 - "http://overmaas.tuxtown.net/actuator.html" "Mozilla/4.0 (compatible; MSIE 6.0; Windows NT 5.1; SV1; .NET CLR 1.1.4322)"
213.84.219.101 - - [01/May/2006:20:37:15 +0200] "GET /pics1/dacimg1-058.jpg HTTP/1.1" 304 - "http://overmaas.tuxtown.net/actuator.html" "Mozilla/4.0 (compatible; MSIE 6.0; Windows NT 5.1; SV1; .NET CLR 1.1.4322)"
213.84.219.101 - - [01/May/2006:20:41:05 +0200] "GET /pics1/dacimg1-058.jpg HTTP/1.1" 304 - "http://overmaas.tuxtown.net/actuator.html" "Mozilla/4.0 (compatible; MSIE 6.0; Windows NT 5.1; SV1; .NET CLR 1.1.4322)"
133.27.228.132 - - [01/May/2006:20:41:49 +0200] "GET /actuator.html HTTP/1.1" 200 3197 "-" "W3C_Validator/1.432.2.10"
213.84.219.101 - - [01/May/2006:20:46:04 +0200] "GET /dacachter.JPG HTTP/1.1" 304 - "http://overmaas.tuxtown.net/actuator.html" "Mozilla/4.0 (compatible; MSIE 6.0; Windows NT 5.1; SV1; .NET CLR 1.1.4322)"
213.84.219.101 - - [01/May/2006:20:51:49 +0200] "GET /dacstyle.css HTTP/1.1" 200 1907 "http://overmaas.tuxtown.net/index.html" "Mozilla/4.0 (compatible; MSIE 6.0; Windows NT 5.1; SV1; .NET CLR 1.1.4322)"
213.84.219.101 - - [01/May/2006:20:53:23 +0200] "GET /dacstyle.css HTTP/1.1" 200 1907 "http://overmaas.tuxtown.net/" "Mozilla/5.0 (Windows; U; Windows NT 5.1; nl; rv:1.8.0.2) Gecko/20060308 Firefox/1.5.0.2"
213.84.219.101 - - [01/May/2006:20:54:32 +0200] "GET /dacachter.JPG HTTP/1.1" 304 - "http://overmaas.tuxtown.net/index.html" "Mozilla/4.0 (compatible; MSIE 6.0; Windows NT 5.1; SV1; .NET CLR 1.1.4322)"
213.84.219.101 - - [01/May/2006:20:57:11 +0200] "GET /pics1/dacimg1-058.jpg HTTP/1.1" 304 - "http://overmaas.tuxtown.net/actuator.html" "Mozilla/4.0 (compatible; MSIE 6.0; Windows NT 5.1; SV1; .NET CLR 1.1.4322)"
213.84.219.101 - - [01/May/2006:21:03:40 +0200] "GET /pics/dacimg-001.jpg HTTP/1.1" 304 - "http://overmaas.tuxtown.net/index.html" "Mozilla/4.0 (compatible; MSIE 6.0; Windows NT 5.1; SV1; .NET CLR 1.1.4322)"
213.84.219.101 - - [01/May/2006:21:09:48 +0200] "GET /dacachter.JPG HTTP/1.1" 304 - "http://overmaas.tuxtown.net/reflist.html" "Mozilla/4.0 (compatible; MSIE 6.0; Windows NT 5.1; SV1; .NET CLR 1.1.4322)"
213.84.219.101 - - [01/May/2006:21:14:16 +0200] "GET /pics/dacimg-001.jpg HTTP/1.1" 304 - "http://overmaas.tuxtown.net/reflist.html" "Mozilla/4.0 (compatible; MSIE 6.0; Windows NT 5.1; SV1; .NET CLR 1.1.4322)"
213.84.219.101 - - [01/May/2006:21:25:14 +0200] "GET /dacstyle.css HTTP/1.1" 200 1931 "http://overmaas.tuxtown.net/index.html" "Mozilla/4.0 (compatible; MSIE 6.0; Windows NT 5.1; SV1; .NET CLR 1.1.4322)"
128.30.52.34 - - [01/May/2006:21:27:05 +0200] "GET / HTTP/1.1" 200 3390 "-" "Jigsaw/2.2.5 W3C_CSS_Validator_JFouffa/2.0"
213.84.219.101 - - [01/May/2006:21:29:36 +0200] "GET /dacstyle.css HTTP/1.1" 200 1927 "http://overmaas.tuxtown.net/index.html" "Mozilla/4.0 (compatible; MSIE 6.0; Windows NT 5.1; SV1; .NET CLR 1.1.4322)"
213.84.219.101 - - [01/May/2006:21:29:51 +0200] "GET /pics/dacimg-001.jpg HTTP/1.1" 304 - "http://overmaas.tuxtown.net/index.html" "Mozilla/4.0 (compatible; MSIE 6.0; Windows NT 5.1; SV1; .NET CLR 1.1.4322)"
213.84.219.101 - - [01/May/2006:21:32:19 +0200] "GET /index.html HTTP/1.1" 304 - "http://overmaas.tuxtown.net/overdac.html" "Mozilla/4.0 (compatible; MSIE 6.0; Windows NT 5.1; SV1; .NET CLR 1.1.4322)"
213.84.219.101 - - [01/May/2006:21:37:12 +0200] "GET /index.html HTTP/1.1" 304 - "http://overmaas.tuxtown.net/overdac.html" "Mozilla/4.0 (compatible; MSIE 6.0; Windows NT 5.1; SV1; .NET CLR 1.1.4322)"
213.84.219.101 - - [01/May/2006:21:37:29 +0200] "GET /actuator.html HTTP/1.1" 200 3014 "http://overmaas.tuxtown.net/overdac.html" "Mozilla/4.0 (compatible; MSIE 6.0; Windows NT 5.1; SV1; .NET CLR 1.1.4322)"
213.84.219.101 - - [01/May/2006:21:37:38 +0200] "GET /pics/dacimg-001.jpg HTTP/1.1" 304 - "http://overmaas.tuxtown.net/consultancy.html" "Mozilla/4.0 (compatible; MSIE 6.0; Windows NT 5.1; SV1; .NET CLR 1.1.4322)"
213.84.219.101 - - [01/May/2006:21:37:46 +0200] "GET /pics/dacimg-001.jpg HTTP/1.1" 304 - "http://overmaas.tuxtown.net/dwnload.html" "Mozilla/4.0 (compatible; MSIE 6.0; Windows NT 5.1; SV1; .NET CLR 1.1.4322)"
128.30.52.34 - - [01/May/2006:21:42:39 +0200] "GET /dacstyle.css HTTP/1.1" 200 1931 "-" "Jigsaw/2.2.5 W3C_CSS_Validator_JFouffa/2.0"
128.30.52.13 - - [01/May/2006:21:48:26 +0200] "GET /reflist.html HTTP/1.1" 200 3097 "-" "W3C_Validator/1.432.2.10"
62.234.138.228 - - [02/May/2006:08:39:11 +0200] "GET /consultancy.html HTTP/1.1" 200 1218 "http://overmaas.tuxtown.net/actuator.html" "Mozilla/4.0 (compatible; MSIE 6.0; Windows NT 5.0; .NET CLR 1.1.4322; .NET CLR 2.0.40607)"
213.222.28.155 - - [02/May/2006:08:54:04 +0200] "GET /dacachter.JPG HTTP/1.1" 200 13721 "http://overmaas.tuxtown.net/" "Mozilla/5.0 (Macintosh; U; PPC Mac OS X; en) AppleWebKit/418 (KHTML, like Gecko) Safari/417.9.2"
213.222.28.155 - - [02/May/2006:08:54:40 +0200] "GET /pics1/dacimg1-058.jpg HTTP/1.1" 200 100634 "http://overmaas.tuxtown.net/actuator.html" "Mozilla/5.0 (Macintosh; U; PPC Mac OS X; en) AppleWebKit/418 (KHTML, like Gecko) Safari/417.9.2"
213.222.28.155 - - [02/May/2006:08:57:20 +0200] "GET /favicon.ico HTTP/1.1" 404 297 "-" "Mozilla/5.0 (Macintosh; U; PPC Mac OS X; en) AppleWebKit/418 (KHTML, like Gecko) Safari/417.9.2"
86.80.1.7 - - [02/May/2006:11:30:37 +0200] "GET /actuator.html HTTP/1.1" 200 3014 "http://overmaas.tuxtown.net/overdac.html" "Mozilla/4.0 (compatible; MSIE 6.0; Windows NT 5.1; SV1; .NET CLR 1.1.4322)"
86.80.1.7 - - [02/May/2006:11:31:09 +0200] "GET /DacPresentation.pdf HTTP/1.1" 206 319352 "-" "Mozilla/4.0 (compatible; MSIE 6.0; Windows NT 5.1; SV1; .NET CLR 1.1.4322)"
86.80.1.7 - - [02/May/2006:11:33:51 +0200] "GET /pics/dacimg-001.jpg HTTP/1.1" 304 - "http://overmaas.tuxtown.net/index.html" "Mozilla/4.0 (compatible; MSIE 6.0; Windows NT 5.1; SV1; .NET CLR 1.1.4322)"
86.80.1.7 - - [02/May/2006:16:38:33 +0200] "GET /pics1/dacimg1-051.jpg HTTP/1.1" 200 19322 "http://overmaas.tuxtown.net/actuator.html" "Mozilla/4.0 (compatible; MSIE 6.0; Windows NT 5.1; SV1; .NET CLR 1.1.4322)"
86.80.1.7 - - [02/May/2006:16:39:31 +0200] "GET /DacPresentation.pdf HTTP/1.1" 206 507375 "-" "Mozilla/4.0 (compatible; MSIE 6.0; Windows NT 5.1; SV1; .NET CLR 1.1.4322)"
86.80.1.7 - - [03/May/2006:08:28:53 +0200] "GET / HTTP/1.1" 304 - "-" "Mozilla/4.0 (compatible; MSIE 6.0; Windows NT 5.1; SV1; .NET CLR 1.1.4322)"
213.84.219.101 - - [03/May/2006:20:42:48 +0200] "GET / HTTP/1.1" 200 3389 "-" "Mozilla/4.0 (compatible; MSIE 6.0; Windows NT 5.1; SV1; .NET CLR 1.1.4322)"
213.84.219.101 - - [03/May/2006:20:44:01 +0200] "GET /pics1/dacimg1-058.jpg HTTP/1.1" 304 - "http://overmaas.tuxtown.net/actuator.html" "Mozilla/4.0 (compatible; MSIE 6.0; Windows NT 5.1; SV1; .NET CLR 1.1.4322)"
213.84.219.101 - - [03/May/2006:20:45:56 +0200] "GET /dacachter.JPG HTTP/1.1" 304 - "http://overmaas.tuxtown.net/index.html" "Mozilla/4.0 (compatible; MSIE 6.0; Windows NT 5.1; SV1; .NET CLR 1.1.4322)"
213.84.219.101 - - [03/May/2006:20:50:31 +0200] "GET /map.gif HTTP/1.1" 304 - "http://overmaas.tuxtown.net/route.html" "Mozilla/4.0 (compatible; MSIE 6.0; Windows NT 5.1; SV1; .NET CLR 1.1.4322)"
86.80.1.7 - - [04/May/2006:09:21:12 +0200] "GET /actuator.html HTTP/1.1" 200 3014 "http://overmaas.tuxtown.net/overdac.html" "Mozilla/4.0 (compatible; MSIE 6.0; Windows NT 5.1; SV1; .NET CLR 1.1.4322)"
86.80.1.7 - - [04/May/2006:09:22:19 +0200] "GET /DacPresentation.pdf HTTP/1.1" 206 319352 "-" "Mozilla/4.0 (compatible; MSIE 6.0; Windows NT 5.1; SV1; .NET CLR 1.1.4322)"
86.80.1.7 - - [05/May/2006:09:34:50 +0200] "GET /pics/dacimg-001.jpg HTTP/1.1" 304 - "http://overmaas.tuxtown.net/index.html" "Mozilla/4.0 (compatible; MSIE 6.0; Windows NT 5.1; SV1; .NET CLR 1.1.4322)"
86.80.1.7 - - [05/May/2006:09:35:03 +0200] "GET /map.gif HTTP/1.1" 304 - "http://overmaas.tuxtown.net/route.html" "Mozilla/4.0 (compatible; MSIE 6.0; Windows NT 5.1; SV1; .NET CLR 1.1.4322)"
213.84.219.101 - - [05/May/2006:10:53:08 +0200] "GET /dacachter.JPG HTTP/1.1" 200 13721 "http://overmaas.tuxtown.net/dacstyle.css" "Mozilla/5.0 (Windows; U; Windows NT 5.1; nl; rv:1.8.0.3) Gecko/20060426 Firefox/1.5.0.3"
213.84.219.101 - - [05/May/2006:10:54:13 +0200] "GET /dacstyle.css HTTP/1.1" 304 - "http://overmaas.tuxtown.net" "Mozilla/4.0 (compatible; MSIE 6.0; Windows NT 5.1; SV1; .NET CLR 1.1.4322)"
213.84.219.101 - - [05/May/2006:10:54:30 +0200] "GET /pics1/dacimg1-058.jpg HTTP/1.1" 304 - "http://overmaas.tuxtown.net/actuator.html" "Mozilla/5.0 (Windows; U; Windows NT 5.1; nl; rv:1.8.0.3) Gecko/20060426 Firefox/1.5.0.3"
213.84.219.101 - - [05/May/2006:11:01:40 +0200] "GET /actuator.html HTTP/1.1" 200 3014 "http://overmaas.tuxtown.net/" "Mozilla/5.0 (Windows; U; Windows NT 5.1; nl; rv:1.8.0.3) Gecko/20060426 Firefox/1.5.0.3"
213.84.219.101 - - [05/May/2006:11:02:50 +0200] "GET /pics1/dacimg1-051.jpg HTTP/1.1" 304 - "http://overmaas.tuxtown.net/actuator.html" "Mozilla/5.0 (Windows; U; Windows NT 5.1; nl; rv:1.8.0.3) Gecko/20060426 Firefox/1.5.0.3"
213.84.219.101 - - [05/May/2006:20:16:03 +0200] "GET /dacstyle.css HTTP/1.1" 200 1976 "http://overmaas.tuxtown.net/" "Mozilla/5.0 (Windows; U; Windows NT 5.1; nl; rv:1.8.0.3) Gecko/20060426 Firefox/1.5.0.3"
213.84.219.101 - - [05/May/2006:20:17:01 +0200] "GET /dwnload.html HTTP/1.1" 304 - "http://overmaas.tuxtown.net/reflist.html" "Mozilla/4.0 (compatible; MSIE 6.0; Windows NT 5.1; SV1; .NET CLR 1.1.4322)"
213.84.219.101 - - [07/May/2006:15:23:57 +0200] "GET /pics/dacimg-054.jpg HTTP/1.1" 304 - "http://overmaas.tuxtown.net" "Mozilla/4.0 (compatible; MSIE 6.0; Windows NT 5.1; SV1; .NET CLR 1.1.4322)"
213.84.219.101 - - [07/May/2006:15:24:26 +0200] "GET /pics1/dacimg1-058.jpg HTTP/1.1" 304 - "http://overmaas.tuxtown.net/actuator.html" "Mozilla/4.0 (compatible; MSIE 6.0; Windows NT 5.1; SV1; .NET CLR 1.1.4322)"
213.84.219.101 - - [07/May/2006:15:57:57 +0200] "GET / HTTP/1.1" 200 3393 "-" "Mozilla/4.0 (compatible; MSIE 6.0; Windows NT 5.1; SV1; .NET CLR 1.1.4322)"
213.84.219.101 - - [07/May/2006:15:59:50 +0200] "GET /dacachter.JPG HTTP/1.1" 304 - "http://overmaas.tuxtown.net/" "Mozilla/4.0 (compatible; MSIE 6.0; Windows NT 5.1; SV1; .NET CLR 1.1.4322)"
213.84.219.101 - - [07/May/2006:16:00:59 +0200] "GET / HTTP/1.1" 304 - "-" "Mozilla/4.0 (compatible; MSIE 6.0; Windows NT 5.1; SV1; .NET CLR 1.1.4322)"
213.84.219.101 - - [07/May/2006:16:01:51 +0200] "GET /dacachter.JPG HTTP/1.1" 304 - "http://overmaas.tuxtown.net/" "Mozilla/4.0 (compatible; MSIE 6.0; Windows NT 5.1; SV1; .NET CLR 1.1.4322)"
213.84.219.101 - - [07/May/2006:16:04:15 +0200] "GET / HTTP/1.1" 200 3239 "-" "Mozilla/4.0 (compatible; MSIE 6.0; Windows NT 5.1; SV1; .NET CLR 1.1.4322)"
213.84.219.101 - - [07/May/2006:16:06:15 +0200] "GET /pics/dacimg-054.jpg HTTP/1.1" 200 50596 "http://overmaas.tuxtown.net/" "Mozilla/4.0 (compatible; MSIE 6.0; Windows NT 5.0)"
213.84.219.101 - - [07/May/2006:16:10:44 +0200] "GET /daclogoweer.png HTTP/1.1" 304 - "http://overmaas.tuxtown.net/reflist.html" "Mozilla/4.0 (compatible; MSIE 6.0; Windows NT 5.1; SV1; .NET CLR 1.1.4322)"
213.84.219.101 - - [07/May/2006:16:11:41 +0200] "GET /pics/dacimg-054.jpg HTTP/1.1" 304 - "http://overmaas.tuxtown.net/index.html" "Mozilla/4.0 (compatible; MSIE 6.0; Windows NT 5.1; SV1; .NET CLR 1.1.4322)"
213.84.219.101 - - [07/May/2006:16:12:47 +0200] "GET /pics/dacimg-001.jpg HTTP/1.1" 304 - "http://overmaas.tuxtown.net/index.html" "Mozilla/4.0 (compatible; MSIE 6.0; Windows NT 5.1; SV1; .NET CLR 1.1.4322)"
213.84.219.101 - - [07/May/2006:16:14:38 +0200] "GET /dwnload.html HTTP/1.1" 304 - "http://overmaas.tuxtown.net/route.html" "Mozilla/4.0 (compatible; MSIE 6.0; Windows NT 5.1; SV1; .NET CLR 1.1.4322)"
213.84.219.101 - - [07/May/2006:16:19:41 +0200] "GET /dacachter.JPG HTTP/1.1" 304 - "http://overmaas.tuxtown.net/overdac.html" "Mozilla/4.0 (compatible; MSIE 6.0; Windows NT 5.1; SV1; .NET CLR 1.1.4322)"
213.84.219.101 - - [07/May/2006:16:23:18 +0200] "GET /reflist.html HTTP/1.1" 304 - "http://overmaas.tuxtown.net/consultancy.html" "Mozilla/4.0 (compatible; MSIE 6.0; Windows NT 5.1; SV1; .NET CLR 1.1.4322)"
213.84.219.101 - - [07/May/2006:16:24:19 +0200] "GET /dacachter.JPG HTTP/1.1" 304 - "http://overmaas.tuxtown.net/actuator.html" "Mozilla/4.0 (compatible; MSIE 6.0; Windows NT 5.1; SV1; .NET CLR 1.1.4322)"
213.84.219.101 - - [07/May/2006:16:25:55 +0200] "GET /actuator.html HTTP/1.1" 200 3014 "http://overmaas.tuxtown.net/index.html" "Mozilla/4.0 (compatible; MSIE 6.0; Windows NT 5.0)"
213.84.219.101 - - [07/May/2006:16:39:14 +0200] "GET / HTTP/1.1" 200 3239 "-" "Mozilla/5.0 (Windows; U; Windows NT 5.1; nl; rv:1.8.0.3) Gecko/20060426 Firefox/1.5.0.3"
213.84.219.101 - - [07/May/2006:16:39:26 +0200] "GET /dacachter.JPG HTTP/1.1" 304 - "http://overmaas.tuxtown.net/index.html" "Mozilla/4.0 (compatible; MSIE 6.0; Windows NT 5.1; SV1; .NET CLR 1.1.4322)"
213.84.219.101 - - [07/May/2006:16:44:37 +0200] "GET /daclogoweer2.png HTTP/1.1" 304 - "http://overmaas.tuxtown.net/actuator.html" "Mozilla/4.0 (compatible; MSIE 6.0; Windows NT 5.1; SV1; .NET CLR 1.1.4322)"
213.84.219.101 - - [07/May/2006:19:28:12 +0200] "GET /dacstyle.css HTTP/1.1" 304 - "http://overmaas.tuxtown.net/index.html" "Mozilla/4.0 (compatible; MSIE 6.0; Windows NT 5.0)"
62.234.138.228 - - [08/May/2006:10:05:23 +0200] "GET /pics/dacimg-054.jpg HTTP/1.1" 200 50596 "http://overmaas.tuxtown.net/" "Mozilla/5.0 (Windows; U; Windows NT 5.0; en-US; rv:1.7.12) Gecko/20050915 Firefox/1.0.7"
62.234.138.228 - - [08/May/2006:10:06:09 +0200] "GET /actuator.html HTTP/1.1" 200 2970 "http://overmaas.tuxtown.net/" "Mozilla/4.0 (compatible; MSIE 6.0; Windows NT 5.0; .NET CLR 1.1.4322; .NET CLR 2.0.40607)"
86.80.1.7 - - [08/May/2006:15:30:11 +0200] "GET /overdac.html HTTP/1.1" 304 - "http://overmaas.tuxtown.net/index.html" "Mozilla/4.0 (compatible; MSIE 6.0; Windows NT 5.1; SV1; .NET CLR 1.1.4322)"
86.80.1.7 - - [08/May/2006:15:33:08 +0200] "GET / HTTP/1.1" 200 3239 "-" "Mozilla/4.0 (compatible; MSIE 6.0; Windows NT 5.1; SV1; .NET CLR 1.1.4322)"
86.80.1.7 - - [08/May/2006:15:33:24 +0200] "GET /pics1/dacimg1-058.jpg HTTP/1.1" 200 100634 "http://overmaas.tuxtown.net/actuator.html" "Mozilla/4.0 (compatible; MSIE 6.0; Windows NT 5.1; SV1; .NET CLR 1.1.4322)"
66.249.66.140 - - [10/May/2006:07:45:03 +0200] "GET /sitemap.txt HTTP/1.1" 304 - "-" "Mozilla/5.0 (compatible; Googlebot/2.1; +http://www.google.com/bot.html)"
213.84.219.101 - - [10/May/2006:17:13:02 +0200] "GET /pics/dacimg-054.jpg HTTP/1.1" 304 - "http://overmaas.tuxtown.net" "Mozilla/4.0 (compatible; MSIE 6.0; Windows NT 5.1; SV1; .NET CLR 1.1.4322)"
213.84.219.101 - - [10/May/2006:17:15:32 +0200] "GET /pics/dacimg-001.jpg HTTP/1.1" 304 - "http://overmaas.tuxtown.net/overdac.html" "Mozilla/4.0 (compatible; MSIE 6.0; Windows NT 5.1; SV1; .NET CLR 1.1.4322)"
213.84.219.101 - - [10/May/2006:17:21:19 +0200] "GET /dacstyle.css HTTP/1.1" 304 - "http://overmaas.tuxtown.net/overdac.html" "Mozilla/4.0 (compatible; MSIE 6.0; Windows NT 5.1; SV1; .NET CLR 1.1.4322)"
86.80.1.7 - - [10/May/2006:17:22:56 +0200] "GET /pics/dacimg-001.jpg HTTP/1.1" 304 - "http://overmaas.tuxtown.net/index.html" "Mozilla/4.0 (compatible; MSIE 6.0; Windows NT 5.1; SV1; .NET CLR 1.1.4322)"
86.80.1.7 - - [10/May/2006:17:23:59 +0200] "GET /pics1/dacimg1-051.jpg HTTP/1.1" 304 - "http://overmaas.tuxtown.net/actuator.html" "Mozilla/4.0 (compatible; MSIE 6.0; Windows NT 5.1; SV1; .NET CLR 1.1.4322)"
86.80.1.7 - - [10/May/2006:17:29:19 +0200] "GET /Interview.pdf HTTP/1.1" 206 758178 "http://overmaas.tuxtown.net/overdac.html" "Mozilla/4.0 (compatible; MSIE 6.0; Windows NT 5.1; SV1; .NET CLR 1.1.4322)"
213.84.219.101 - - [10/May/2006:17:34:12 +0200] "GET /daclogoweer2.png HTTP/1.1" 304 - "http://overmaas.tuxtown.net/overdac.html" "Mozilla/4.0 (compatible; MSIE 6.0; Windows NT 5.1; SV1; .NET CLR 1.1.4322)"
62.234.138.228 - - [11/May/2006:09:13:10 +0200] "GET /overdac.html HTTP/1.1" 200 3136 "http://overmaas.tuxtown.net/" "Mozilla/5.0 (Windows; U; Windows NT 5.0; en-US; rv:1.7.12) Gecko/20050915 Firefox/1.0.7"
62.234.138.228 - - [11/May/2006:14:36:20 +0200] "GET /pics/dacimg-001.jpg HTTP/1.1" 304 - "http://overmaas.tuxtown.net" "Mozilla/4.0 (compatible; MSIE 6.0; Windows NT 5.0; .NET CLR 1.1.4322; .NET CLR 2.0.40607)"
62.234.138.228 - - [11/May/2006:14:36:51 +0200] "GET /dwnload.html HTTP/1.1" 304 - "http://overmaas.tuxtown.net/actuator.html" "Mozilla/4.0 (compatible; MSIE 6.0; Windows NT 5.0; .NET CLR 1.1.4322; .NET CLR 2.0.40607)"
213.84.219.101 - - [11/May/2006:18:50:32 +0200] "GET /dacstyle.css HTTP/1.1" 200 2024 "http://overmaas.tuxtown.net/" "Mozilla/5.0 (Windows; U; Windows NT 5.1; nl; rv:1.8.0.3) Gecko/20060426 Firefox/1.5.0.3"
66.249.66.140 - - [12/May/2006:09:24:58 +0200] "GET /template.html HTTP/1.1" 200 1333 "-" "Mozilla/5.0 (compatible; Googlebot/2.1; +http://www.google.com/bot.html)"
86.80.1.7 - - [15/May/2006:13:02:59 +0200] "GET /daclogoweer2.png HTTP/1.1" 304 - "http://overmaas.tuxtown.net/index.html" "Mozilla/4.0 (compatible; MSIE 6.0; Windows NT 5.1; SV1; .NET CLR 1.1.4322)"
86.80.1.7 - - [15/May/2006:13:03:18 +0200] "GET /map.gif HTTP/1.1" 304 - "http://overmaas.tuxtown.net/route.html" "Mozilla/4.0 (compatible; MSIE 6.0; Windows NT 5.1; SV1; .NET CLR 1.1.4322)"
62.234.138.228 - - [16/May/2006:13:36:04 +0200] "GET /favicon.ico HTTP/1.1" 404 297 "-" "Mozilla/5.0 (Windows; U; Windows NT 5.0; en-US; rv:1.7.12) Gecko/20050915 Firefox/1.0.7"
86.80.1.7 - - [17/May/2006:13:02:09 +0200] "GET /actuator.html HTTP/1.1" 304 - "http://overmaas.tuxtown.net/index.html" "Mozilla/4.0 (compatible; MSIE 6.0; Windows NT 5.1; SV1; .NET CLR 1.1.4322)"
66.249.66.140 - - [17/May/2006:13:14:52 +0200] "GET /manufactor.html HTTP/1.1" 200 2969 "-" "Mozilla/5.0 (compatible; Googlebot/2.1; +http://www.google.com/bot.html)"
66.249.66.140 - - [17/May/2006:13:15:48 +0200] "GET /template.html HTTP/1.1" 200 1333 "-" "Mozilla/5.0 (compatible; Googlebot/2.1; +http://www.google.com/bot.html)"
86.80.1.7 - - [18/May/2006:08:10:28 +0200] "GET /pics1/dacimg1-051.jpg HTTP/1.1" 304 - "http://overmaas.tuxtown.net/actuator.html" "Mozilla/4.0 (compatible; MSIE 6.0; Windows NT 5.1; SV1; .NET CLR 1.1.4322)"
66.249.66.140 - - [19/May/2006:04:16:10 +0200] "GET /dwnload.html HTTP/1.1" 200 1664 "-" "Mozilla/5.0 (compatible; Googlebot/2.1; +http://www.google.com/bot.html)"
66.249.66.140 - - [19/May/2006:04:26:41 +0200] "GET /dwnload.html HTTP/1.1" 200 1664 "-" "Mozilla/5.0 (compatible; Googlebot/2.1; +http://www.google.com/bot.html)"
86.80.1.7 - - [19/May/2006:16:33:31 +0200] "GET /dacstyle.css HTTP/1.1" 304 - "http://overmaas.tuxtown.net/index.html" "Mozilla/4.0 (compatible; MSIE 6.0; Windows NT 5.1; SV1; .NET CLR 1.1.4322)"
213.84.219.101 - - [20/May/2006:17:58:06 +0200] "GET /dacachter.JPG HTTP/1.1" 200 13721 "http://overmaas.tuxtown.net/" "Mozilla/4.0 (PSP (PlayStation Portable); 2.00)"
213.84.219.101 - - [20/May/2006:17:59:52 +0200] "GET /pics1/dacimg1-058.jpg HTTP/1.1" 200 100634 "http://overmaas.tuxtown.net/actuator.html" "Mozilla/4.0 (PSP (PlayStation Portable); 2.00)"
207.22.48.162 - - [21/May/2006:11:22:58 +0200] "GET /overdac.html HTTP/1.0" 200 3136 "-" "Lynx/2.8.4rel.1 libwww-FM/2.14"
86.80.1.7 - - [21/May/2006:13:48:29 +0200] "GET /daclogoweer2.png HTTP/1.1" 304 - "http://overmaas.tuxtown.net/index.html" "Mozilla/4.0 (compatible; MSIE 6.0; Windows NT 5.1; SV1; .NET CLR 1.1.4322; .NET CLR 2.0.50727)"
86.80.1.7 - - [21/May/2006:13:49:00 +0200] "GET /overdac.html HTTP/1.1" 304 - "http://overmaas.tuxtown.net/index.html" "Mozilla/4.0 (compatible; MSIE 6.0; Windows NT 5.1; SV1; .NET CLR 1.1.4322; .NET CLR 2.0.50727)"
86.80.1.7 - - [22/May/2006:14:12:39 +0200] "GET /reflist.html HTTP/1.1" 304 - "http://overmaas.tuxtown.net/dwnload.html" "Mozilla/4.0 (compatible; MSIE 6.0; Windows NT 5.1; SV1; .NET CLR 1.1.4322; .NET CLR 2.0.50727)"
86.80.1.7 - - [29/May/2006:17:31:58 +0200] "GET /index.html HTTP/1.1" 304 - "-" "Mozilla/4.0 (compatible; MSIE 6.0; Windows NT 5.1; SV1; .NET CLR 1.1.4322; .NET CLR 2.0.50727)"
86.80.1.7 - - [29/May/2006:17:32:12 +0200] "GET /consultancy.html HTTP/1.1" 304 - "http://overmaas.tuxtown.net/actuator.html" "Mozilla/4.0 (compatible; MSIE 6.0; Windows NT 5.1; SV1; .NET CLR 1.1.4322; .NET CLR 2.0.50727)"
66.249.65.7 - - [01/Jun/2006:03:31:35 +0200] "GET /leftside.html HTTP/1.1" 200 21 "-" "Mozilla/5.0 (compatible; Googlebot/2.1; +http://www.google.com/bot.html)"
86.80.1.7 - - [02/Jun/2006:15:41:08 +0200] "GET /dacstyle.css HTTP/1.1" 304 - "http://overmaas.tuxtown.net/index.html" "Mozilla/4.0 (compatible; MSIE 6.0; Windows NT 5.1; SV1; .NET CLR 1.1.4322; .NET CLR 2.0.50727)"
83.83.146.102 - - [04/Jun/2006:22:13:28 +0200] "GET /daclogoweer2.png HTTP/1.1" 200 13348 "http://overmaas.tuxtown.net/" "Mozilla/4.0 (compatible; MSIE 6.0; Windows NT 5.1; SV1)"
83.83.146.102 - - [04/Jun/2006:22:13:55 +0200] "GET /DacPresentation.pdf HTTP/1.1" 206 256034 "-" "Mozilla/4.0 (compatible; MSIE 6.0; Windows NT 5.1; SV1)"
66.249.66.45 - - [11/Jun/2006:08:24:57 +0200] "GET /robots.txt HTTP/1.1" 200 36 "-" "Mozilla/5.0 (compatible; Googlebot/2.1; +http://www.google.com/bot.html)"
86.80.1.7 - - [28/Jun/2006:11:59:03 +0200] "GET /dacachter.JPG HTTP/1.1" 304 - "http://overmaas.tuxtown.net/index.html" "Mozilla/4.0 (compatible; MSIE 6.0; Windows NT 5.1; SV1; .NET CLR 1.1.4322; .NET CLR 2.0.50727)"
86.80.1.7 - - [28/Jun/2006:11:59:46 +0200] "GET /pics1/dacimg1-051.jpg HTTP/1.1" 304 - "http://overmaas.tuxtown.net/actuator.html" "Mozilla/4.0 (compatible; MSIE 6.0; Windows NT 5.1; SV1; .NET CLR 1.1.4322; .NET CLR 2.0.50727)"
66.249.66.137 - - [04/Jul/2006:10:18:46 +0200] "HEAD /manufactor.html HTTP/1.1" 200 - "-" "Mozilla/5.0 (compatible; Googlebot/2.1; +http://www.google.com/bot.html)"
66.249.66.137 - - [04/Jul/2006:10:31:43 +0200] "HEAD /dwnload.html HTTP/1.1" 200 - "-" "Mozilla/5.0 (compatible; Googlebot/2.1; +http://www.google.com/bot.html)"
66.249.66.137 - - [05/Jul/2006:07:24:52 +0200] "HEAD /leftside.html HTTP/1.1" 200 - "-" "Mozilla/5.0 (compatible; Googlebot/2.1; +http://www.google.com/bot.html)"
66.249.66.137 - - [05/Jul/2006:18:58:55 +0200] "HEAD / HTTP/1.1" 200 - "-" "Mozilla/5.0 (compatible; Googlebot/2.1; +http://www.google.com/bot.html)"
66.249.66.137 - - [06/Jul/2006:03:54:44 +0200] "HEAD /manufactor.html HTTP/1.1" 200 - "-" "Mozilla/5.0 (compatible; Googlebot/2.1; +http://www.google.com/bot.html)"
66.249.66.196 - - [08/Jul/2006:07:21:47 +0200] "HEAD /overdac.html HTTP/1.1" 200 - "-" "Mozilla/5.0 (compatible; Googlebot/2.1; +http://www.google.com/bot.html)"
66.249.66.196 - - [08/Jul/2006:07:41:31 +0200] "HEAD /dwnload.html HTTP/1.1" 200 - "-" "Mozilla/5.0 (compatible; Googlebot/2.1; +http://www.google.com/bot.html)"
66.249.66.196 - - [09/Jul/2006:07:36:26 +0200] "HEAD /overdac.html HTTP/1.1" 200 - "-" "Mozilla/5.0 (compatible; Googlebot/2.1; +http://www.google.com/bot.html)"
66.249.66.196 - - [10/Jul/2006:07:35:29 +0200] "HEAD /DacPresentation.pdf HTTP/1.1" 200 - "-" "Mozilla/5.0 (compatible; Googlebot/2.1; +http://www.google.com/bot.html)"
66.249.66.196 - - [11/Jul/2006:07:33:16 +0200] "GET /robots.txt HTTP/1.1" 200 36 "-" "Mozilla/5.0 (compatible; Googlebot/2.1; +http://www.google.com/bot.html)"
66.249.66.196 - - [12/Jul/2006:07:48:28 +0200] "GET /robots.txt HTTP/1.1" 200 36 "-" "Mozilla/5.0 (compatible; Googlebot/2.1; +http://www.google.com/bot.html)"
66.249.66.196 - - [12/Jul/2006:08:02:35 +0200] "HEAD /overdac.html HTTP/1.1" 200 - "-" "Mozilla/5.0 (compatible; Googlebot/2.1; +http://www.google.com/bot.html)"
66.249.66.196 - - [13/Jul/2006:07:33:27 +0200] "HEAD /dwnload.html HTTP/1.1" 200 - "-" "Mozilla/5.0 (compatible; Googlebot/2.1; +http://www.google.com/bot.html)"
66.249.66.196 - - [14/Jul/2006:07:42:33 +0200] "HEAD /overdac.html HTTP/1.1" 200 - "-" "Mozilla/5.0 (compatible; Googlebot/2.1; +http://www.google.com/bot.html)"
66.249.66.196 - - [15/Jul/2006:07:24:48 +0200] "HEAD /overdac.html HTTP/1.1" 200 - "-" "Mozilla/5.0 (compatible; Googlebot/2.1; +http://www.google.com/bot.html)"
66.249.66.196 - - [16/Jul/2006:07:22:49 +0200] "HEAD /dwnload.html HTTP/1.1" 200 - "-" "Mozilla/5.0 (compatible; Googlebot/2.1; +http://www.google.com/bot.html)"
66.249.66.196 - - [17/Jul/2006:07:12:05 +0200] "HEAD /overdac.html HTTP/1.1" 200 - "-" "Mozilla/5.0 (compatible; Googlebot/2.1; +http://www.google.com/bot.html)"
66.249.66.196 - - [17/Jul/2006:07:21:20 +0200] "HEAD /template.html HTTP/1.1" 200 - "-" "Mozilla/5.0 (compatible; Googlebot/2.1; +http://www.google.com/bot.html)"
86.80.1.7 - - [18/Jul/2006:07:24:01 +0200] "GET /pics1/dacimg1-051.jpg HTTP/1.1" 200 19322 "http://overmaas.tuxtown.net/actuator.html" "Mozilla/4.0 (compatible; MSIE 6.0; Windows NT 5.1; SV1; .NET CLR 1.1.4322; .NET CLR 2.0.50727)"
66.249.66.47 - - [19/Jul/2006:07:45:03 +0200] "HEAD / HTTP/1.1" 200 - "-" "Mozilla/5.0 (compatible; Googlebot/2.1; +http://www.google.com/bot.html)"
66.249.66.47 - - [20/Jul/2006:07:45:35 +0200] "HEAD /leftside.html HTTP/1.1" 200 - "-" "Mozilla/5.0 (compatible; Googlebot/2.1; +http://www.google.com/bot.html)"
66.249.66.47 - - [20/Jul/2006:08:11:44 +0200] "HEAD /route.html HTTP/1.1" 200 - "-" "Mozilla/5.0 (compatible; Googlebot/2.1; +http://www.google.com/bot.html)"
66.249.66.47 - - [25/Jul/2006:08:05:59 +0200] "GET /overdac.html HTTP/1.1" 200 3136 "-" "Mozilla/5.0 (compatible; Googlebot/2.1; +http://www.google.com/bot.html)"
66.249.66.47 - - [26/Jul/2006:07:51:25 +0200] "GET /leftside.html HTTP/1.1" 304 - "-" "Mozilla/5.0 (compatible; Googlebot/2.1; +http://www.google.com/bot.html)"
66.249.66.47 - - [27/Jul/2006:07:53:32 +0200] "GET /dwnload.html HTTP/1.1" 200 1664 "-" "Mozilla/5.0 (compatible; Googlebot/2.1; +http://www.google.com/bot.html)"
66.249.66.196 - - [30/Jul/2006:06:38:25 +0200] "GET / HTTP/1.1" 200 3239 "-" "Mozilla/5.0 (compatible; Googlebot/2.1; +http://www.google.com/bot.html)"
66.249.66.196 - - [31/Jul/2006:06:33:46 +0200] "GET /route.html HTTP/1.1" 304 - "-" "Mozilla/5.0 (compatible; Googlebot/2.1; +http://www.google.com/bot.html)"
66.249.66.196 - - [01/Aug/2006:06:35:24 +0200] "GET /leftside.html HTTP/1.1" 304 - "-" "Mozilla/5.0 (compatible; Googlebot/2.1; +http://www.google.com/bot.html)"
66.249.66.196 - - [02/Aug/2006:06:05:14 +0200] "GET /DacPresentation.pdf HTTP/1.1" 200 1264367 "-" "Mozilla/5.0 (compatible; Googlebot/2.1; +http://www.google.com/bot.html)"
66.249.66.196 - - [02/Aug/2006:06:27:32 +0200] "GET /manufactor.html HTTP/1.1" 304 - "-" "Mozilla/5.0 (compatible; Googlebot/2.1; +http://www.google.com/bot.html)"
66.249.66.196 - - [03/Aug/2006:06:43:03 +0200] "GET /DacPresentation.pdf HTTP/1.1" 200 1264367 "-" "Mozilla/5.0 (compatible; Googlebot/2.1; +http://www.google.com/bot.html)"
66.249.66.196 - - [05/Aug/2006:06:59:55 +0200] "GET /template.html HTTP/1.1" 200 1333 "-" "Mozilla/5.0 (compatible; Googlebot/2.1; +http://www.google.com/bot.html)"
66.249.66.196 - - [06/Aug/2006:06:12:32 +0200] "GET /overdac.html HTTP/1.1" 200 3136 "-" "Mozilla/5.0 (compatible; Googlebot/2.1; +http://www.google.com/bot.html)"
66.249.66.196 - - [07/Aug/2006:06:32:09 +0200] "GET /route.html HTTP/1.1" 304 - "-" "Mozilla/5.0 (compatible; Googlebot/2.1; +http://www.google.com/bot.html)"
66.249.66.196 - - [08/Aug/2006:06:08:26 +0200] "GET /manufactor.html HTTP/1.1" 200 2969 "-" "Mozilla/5.0 (compatible; Googlebot/2.1; +http://www.google.com/bot.html)"
66.249.66.196 - - [09/Aug/2006:06:32:50 +0200] "GET /template.html HTTP/1.1" 304 - "-" "Mozilla/5.0 (compatible; Googlebot/2.1; +http://www.google.com/bot.html)"
66.249.66.196 - - [10/Aug/2006:06:42:20 +0200] "GET /leftside.html HTTP/1.1" 200 21 "-" "Mozilla/5.0 (compatible; Googlebot/2.1; +http://www.google.com/bot.html)"
66.249.66.196 - - [10/Aug/2006:10:38:50 +0200] "GET /DacPresentation.pdf HTTP/1.1" 200 1264367 "-" "Mozilla/5.0 (compatible; Googlebot/2.1; +http://www.google.com/bot.html)"
66.249.66.37 - - [12/Aug/2006:06:39:26 +0200] "GET /DacPresentation.pdf HTTP/1.1" 200 1264367 "-" "Mozilla/5.0 (compatible; Googlebot/2.1; +http://www.google.com/bot.html)"
66.249.66.37 - - [13/Aug/2006:06:10:46 +0200] "GET /overdac.html HTTP/1.1" 304 - "-" "Mozilla/5.0 (compatible; Googlebot/2.1; +http://www.google.com/bot.html)"
66.249.66.37 - - [14/Aug/2006:06:41:02 +0200] "GET /leftside.html HTTP/1.1" 200 21 "-" "Mozilla/5.0 (compatible; Googlebot/2.1; +http://www.google.com/bot.html)"
66.249.66.37 - - [15/Aug/2006:06:26:51 +0200] "GET /overdac.html HTTP/1.1" 200 3136 "-" "Mozilla/5.0 (compatible; Googlebot/2.1; +http://www.google.com/bot.html)"
66.249.66.37 - - [16/Aug/2006:06:16:25 +0200] "GET /manufactor.html HTTP/1.1" 200 2969 "-" "Mozilla/5.0 (compatible; Googlebot/2.1; +http://www.google.com/bot.html)"
66.249.66.145 - - [17/Aug/2006:06:46:00 +0200] "GET / HTTP/1.1" 304 - "-" "Mozilla/5.0 (compatible; Googlebot/2.1; +http://www.google.com/bot.html)"
66.249.65.18 - - [19/Aug/2006:06:27:48 +0200] "GET /overdac.html HTTP/1.1" 304 - "-" "Mozilla/5.0 (compatible; Googlebot/2.1; +http://www.google.com/bot.html)"
66.249.65.18 - - [19/Aug/2006:20:36:43 +0200] "GET /sitemap.xml HTTP/1.1" 200 1110 "-" "Mozilla/5.0 (compatible; Googlebot/2.1; +http://www.google.com/bot.html)"
66.249.65.18 - - [20/Aug/2006:06:40:46 +0200] "GET /route.html HTTP/1.1" 304 - "-" "Mozilla/5.0 (compatible; Googlebot/2.1; +http://www.google.com/bot.html)"
66.249.65.18 - - [21/Aug/2006:06:29:32 +0200] "GET /dwnload.html HTTP/1.1" 304 - "-" "Mozilla/5.0 (compatible; Googlebot/2.1; +http://www.google.com/bot.html)"
66.249.66.241 - - [23/Aug/2006:07:10:39 +0200] "GET /leftside.html HTTP/1.1" 200 21 "-" "Mozilla/5.0 (compatible; Googlebot/2.1; +http://www.google.com/bot.html)"
66.249.66.206 - - [26/Aug/2006:07:57:12 +0200] "GET /DacPresentation.pdf HTTP/1.1" 200 1264367 "-" "Mozilla/5.0 (compatible; Googlebot/2.1; +http://www.google.com/bot.html)"
66.249.66.206 - - [28/Aug/2006:06:03:16 +0200] "GET /robots.txt HTTP/1.1" 200 36 "-" "Mozilla/5.0 (compatible; Googlebot/2.1; +http://www.google.com/bot.html)"
66.249.66.206 - - [29/Aug/2006:06:04:27 +0200] "GET /robots.txt HTTP/1.1" 200 36 "-" "Mozilla/5.0 (compatible; Googlebot/2.1; +http://www.google.com/bot.html)"
75.5.99.165 - - [30/Aug/2006:00:44:42 +0200] "GET /dacachter.JPG HTTP/1.1" 200 13721 "http://overmaas.tuxtown.net/manufactor.html" "Mozilla/4.0 (compatible; MSIE 6.0; Windows NT 5.1; SV1; .NET CLR 1.0.3705; .NET CLR 1.1.4322; .NET CLR 2.0.50727)"
66.249.66.228 - - [30/Aug/2006:06:18:22 +0200] "GET /template.html HTTP/1.1" 304 - "-" "Mozilla/5.0 (compatible; Googlebot/2.1; +http://www.google.com/bot.html)"
66.249.66.228 - - [01/Sep/2006:06:48:08 +0200] "GET /template.html HTTP/1.1" 200 1333 "-" "Mozilla/5.0 (compatible; Googlebot/2.1; +http://www.google.com/bot.html)"
66.249.66.228 - - [01/Sep/2006:11:52:11 +0200] "GET /DacPresentation.pdf HTTP/1.1" 200 1264367 "-" "Mozilla/5.0 (compatible; Googlebot/2.1; +http://www.google.com/bot.html)"
66.249.66.228 - - [02/Sep/2006:06:52:45 +0200] "GET /dwnload.html HTTP/1.1" 200 1664 "-" "Mozilla/5.0 (compatible; Googlebot/2.1; +http://www.google.com/bot.html)"
66.249.66.228 - - [03/Sep/2006:06:46:30 +0200] "GET /robots.txt HTTP/1.1" 200 36 "-" "Mozilla/5.0 (compatible; Googlebot/2.1; +http://www.google.com/bot.html)"
66.249.66.241 - - [06/Sep/2006:06:52:43 +0200] "GET /leftside.html HTTP/1.1" 200 21 "-" "Mozilla/5.0 (compatible; Googlebot/2.1; +http://www.google.com/bot.html)"
66.249.65.71 - - [07/Sep/2006:06:52:54 +0200] "GET /robots.txt HTTP/1.1" 200 36 "-" "Mozilla/5.0 (compatible; Googlebot/2.1; +http://www.google.com/bot.html)"
66.249.65.71 - - [08/Sep/2006:06:55:49 +0200] "GET /template.html HTTP/1.1" 304 - "-" "Mozilla/5.0 (compatible; Googlebot/2.1; +http://www.google.com/bot.html)"
66.249.65.71 - - [09/Sep/2006:06:31:07 +0200] "GET /DacPresentation.pdf HTTP/1.1" 200 1264367 "-" "Mozilla/5.0 (compatible; Googlebot/2.1; +http://www.google.com/bot.html)"
66.249.65.71 - - [11/Sep/2006:06:44:26 +0200] "GET /manufactor.html HTTP/1.1" 200 2969 "-" "Mozilla/5.0 (compatible; Googlebot/2.1; +http://www.google.com/bot.html)"
66.249.66.240 - - [12/Sep/2006:10:29:41 +0200] "GET /robots.txt HTTP/1.1" 200 36 "-" "Mozilla/5.0 (compatible; Googlebot/2.1; +http://www.google.com/bot.html)"
66.249.66.240 - - [12/Sep/2006:15:48:24 +0200] "GET /DacPresentation.pdf HTTP/1.1" 200 1264367 "-" "Mozilla/5.0 (compatible; Googlebot/2.1; +http://www.google.com/bot.html)"
66.249.66.240 - - [14/Sep/2006:05:46:08 +0200] "GET /dwnload.html HTTP/1.1" 200 1664 "-" "Mozilla/5.0 (compatible; Googlebot/2.1; +http://www.google.com/bot.html)"
66.249.66.240 - - [15/Sep/2006:05:38:58 +0200] "GET /template.html HTTP/1.1" 304 - "-" "Mozilla/5.0 (compatible; Googlebot/2.1; +http://www.google.com/bot.html)"
66.249.66.240 - - [16/Sep/2006:05:11:47 +0200] "GET /dwnload.html HTTP/1.1" 200 1664 "-" "Mozilla/5.0 (compatible; Googlebot/2.1; +http://www.google.com/bot.html)"
66.249.66.240 - - [17/Sep/2006:06:19:28 +0200] "GET /template.html HTTP/1.1" 200 1333 "-" "Mozilla/5.0 (compatible; Googlebot/2.1; +http://www.google.com/bot.html)"
66.249.66.240 - - [17/Sep/2006:08:52:16 +0200] "GET /overdac.html HTTP/1.1" 304 - "-" "Mozilla/5.0 (compatible; Googlebot/2.1; +http://www.google.com/bot.html)"
66.249.66.240 - - [17/Sep/2006:12:57:25 +0200] "GET /overdac.html HTTP/1.1" 200 3136 "-" "Mozilla/5.0 (compatible; Googlebot/2.1; +http://www.google.com/bot.html)"
66.249.66.142 - - [19/Sep/2006:05:51:52 +0200] "GET /DacPresentation.pdf HTTP/1.1" 200 1264367 "-" "Mozilla/5.0 (compatible; Googlebot/2.1; +http://www.google.com/bot.html)"
66.249.65.73 - - [20/Sep/2006:05:42:29 +0200] "GET /dwnload.html HTTP/1.1" 200 1664 "-" "Mozilla/5.0 (compatible; Googlebot/2.1; +http://www.google.com/bot.html)"
66.249.66.47 - - [21/Sep/2006:06:30:01 +0200] "GET / HTTP/1.1" 200 3239 "-" "Mozilla/5.0 (compatible; Googlebot/2.1; +http://www.google.com/bot.html)"
66.249.66.47 - - [23/Sep/2006:05:34:57 +0200] "GET /manufactor.html HTTP/1.1" 304 - "-" "Mozilla/5.0 (compatible; Googlebot/2.1; +http://www.google.com/bot.html)"
66.249.66.47 - - [26/Sep/2006:05:35:37 +0200] "GET /robots.txt HTTP/1.1" 200 36 "-" "Mozilla/5.0 (compatible; Googlebot/2.1; +http://www.google.com/bot.html)"
66.249.65.7 - - [27/Sep/2006:05:33:56 +0200] "GET / HTTP/1.1" 200 3239 "-" "Mozilla/5.0 (compatible; Googlebot/2.1; +http://www.google.com/bot.html)"
66.249.65.7 - - [27/Sep/2006:06:44:43 +0200] "GET /DacPresentation.pdf HTTP/1.1" 200 1264367 "-" "Mozilla/5.0 (compatible; Googlebot/2.1; +http://www.google.com/bot.html)"
66.249.65.172 - - [29/Sep/2006:06:16:56 +0200] "GET /DacPresentation.pdf HTTP/1.1" 200 1264367 "-" "Mozilla/5.0 (compatible; Googlebot/2.1; +http://www.google.com/bot.html)"
66.249.65.172 - - [30/Sep/2006:05:41:22 +0200] "GET /leftside.html HTTP/1.1" 200 21 "-" "Mozilla/5.0 (compatible; Googlebot/2.1; +http://www.google.com/bot.html)"
66.249.65.42 - - [01/Oct/2006:06:06:46 +0200] "GET /overdac.html HTTP/1.1" 200 3136 "-" "Mozilla/5.0 (compatible; Googlebot/2.1; +http://www.google.com/bot.html)"
66.249.65.1 - - [03/Oct/2006:07:27:29 +0200] "GET /overdac.html HTTP/1.1" 200 3136 "-" "Mozilla/5.0 (compatible; Googlebot/2.1; +http://www.google.com/bot.html)"
66.249.65.1 - - [03/Oct/2006:08:10:40 +0200] "GET /DacPresentation.pdf HTTP/1.1" 200 1264367 "-" "Mozilla/5.0 (compatible; Googlebot/2.1; +http://www.google.com/bot.html)"
66.249.72.244 - - [04/Oct/2006:06:08:27 +0200] "GET /dwnload.html HTTP/1.1" 200 1664 "-" "Mozilla/5.0 (compatible; Googlebot/2.1; +http://www.google.com/bot.html)"
66.249.72.244 - - [05/Oct/2006:12:43:29 +0200] "GET /DacPresentation.pdf HTTP/1.1" 200 1264367 "-" "Mozilla/5.0 (compatible; Googlebot/2.1; +http://www.google.com/bot.html)"
66.249.72.244 - - [06/Oct/2006:06:59:28 +0200] "GET /DacPresentation.pdf HTTP/1.1" 200 1264367 "-" "Mozilla/5.0 (compatible; Googlebot/2.1; +http://www.google.com/bot.html)"
66.249.72.244 - - [07/Oct/2006:06:44:46 +0200] "GET /leftside.html HTTP/1.1" 200 21 "-" "Mozilla/5.0 (compatible; Googlebot/2.1; +http://www.google.com/bot.html)"
66.249.72.244 - - [08/Oct/2006:05:58:47 +0200] "GET /manufactor.html HTTP/1.1" 200 2969 "-" "Mozilla/5.0 (compatible; Googlebot/2.1; +http://www.google.com/bot.html)"
66.249.72.244 - - [10/Oct/2006:06:09:56 +0200] "GET /overdac.html HTTP/1.1" 200 3136 "-" "Mozilla/5.0 (compatible; Googlebot/2.1; +http://www.google.com/bot.html)"
66.249.65.208 - - [11/Oct/2006:06:17:04 +0200] "GET / HTTP/1.1" 200 3239 "-" "Mozilla/5.0 (compatible; Googlebot/2.1; +http://www.google.com/bot.html)"
66.249.65.179 - - [12/Oct/2006:06:19:54 +0200] "GET /manufactor.html HTTP/1.1" 304 - "-" "Mozilla/5.0 (compatible; Googlebot/2.1; +http://www.google.com/bot.html)"
66.249.65.179 - - [13/Oct/2006:07:55:29 +0200] "GET / HTTP/1.1" 200 3239 "-" "Mozilla/5.0 (compatible; Googlebot/2.1; +http://www.google.com/bot.html)"
66.249.65.179 - - [15/Oct/2006:06:58:11 +0200] "GET /dwnload.html HTTP/1.1" 200 1664 "-" "Mozilla/5.0 (compatible; Googlebot/2.1; +http://www.google.com/bot.html)"
80.60.118.26 - - [15/Oct/2006:23:07:49 +0200] "GET /dacstyle.css HTTP/1.1" 304 - "http://overmaas.tuxtown.net/overdac.html" "Mozilla/4.0 (compatible; MSIE 7.0; Windows NT 5.1; .NET CLR 1.1.4322; .NET CLR 2.0.50727; .NET CLR 1.0.3705)"
80.60.118.26 - - [15/Oct/2006:23:08:17 +0200] "GET /consultancy.html HTTP/1.1" 304 - "http://overmaas.tuxtown.net/consultancy.html" "Mozilla/4.0 (compatible; MSIE 7.0; Windows NT 5.1; .NET CLR 1.1.4322; .NET CLR 2.0.50727; .NET CLR 1.0.3705)"
80.60.118.26 - - [15/Oct/2006:23:08:22 +0200] "GET /daclogoweer2.png HTTP/1.1" 304 - "http://overmaas.tuxtown.net/reflist.html" "Mozilla/4.0 (compatible; MSIE 7.0; Windows NT 5.1; .NET CLR 1.1.4322; .NET CLR 2.0.50727; .NET CLR 1.0.3705)"
80.60.118.26 - - [15/Oct/2006:23:08:55 +0200] "GET /dacachter.JPG HTTP/1.1" 304 - "http://overmaas.tuxtown.net/dwnload.html" "Mozilla/4.0 (compatible; MSIE 7.0; Windows NT 5.1; .NET CLR 1.1.4322; .NET CLR 2.0.50727; .NET CLR 1.0.3705)"
80.60.118.26 - - [15/Oct/2006:23:09:02 +0200] "GET /dacstyle.css HTTP/1.1" 304 - "http://overmaas.tuxtown.net/index.html" "Mozilla/4.0 (compatible; MSIE 7.0; Windows NT 5.1; .NET CLR 1.1.4322; .NET CLR 2.0.50727; .NET CLR 1.0.3705)"
80.60.118.26 - - [15/Oct/2006:23:09:35 +0200] "GET /pics/dacimg-001.jpg HTTP/1.1" 304 - "http://overmaas.tuxtown.net/actuator.html" "Mozilla/4.0 (compatible; MSIE 7.0; Windows NT 5.1; .NET CLR 1.1.4322; .NET CLR 2.0.50727; .NET CLR 1.0.3705)"
80.60.118.26 - - [15/Oct/2006:23:10:00 +0200] "GET /daclogoweer2.png HTTP/1.1" 304 - "http://overmaas.tuxtown.net/actuator.html" "Mozilla/4.0 (compatible; MSIE 7.0; Windows NT 5.1; .NET CLR 1.1.4322; .NET CLR 2.0.50727; .NET CLR 1.0.3705)"
80.60.118.26 - - [15/Oct/2006:23:10:34 +0200] "GET /dacachter.JPG HTTP/1.1" 304 - "http://overmaas.tuxtown.net/consultancy.html" "Mozilla/4.0 (compatible; MSIE 7.0; Windows NT 5.1; .NET CLR 1.1.4322; .NET CLR 2.0.50727; .NET CLR 1.0.3705)"
80.60.118.26 - - [15/Oct/2006:23:10:38 +0200] "GET /dacstyle.css HTTP/1.1" 304 - "http://overmaas.tuxtown.net/reflist.html" "Mozilla/4.0 (compatible; MSIE 7.0; Windows NT 5.1; .NET CLR 1.1.4322; .NET CLR 2.0.50727; .NET CLR 1.0.3705)"
66.249.65.179 - - [16/Oct/2006:06:51:13 +0200] "GET /route.html HTTP/1.1" 200 1328 "-" "Mozilla/5.0 (compatible; Googlebot/2.1; +http://www.google.com/bot.html)"
66.249.72.173 - - [17/Oct/2006:06:43:38 +0200] "GET /manufactor.html HTTP/1.1" 200 2969 "-" "Mozilla/5.0 (compatible; Googlebot/2.1; +http://www.google.com/bot.html)"
66.249.72.173 - - [18/Oct/2006:08:13:30 +0200] "GET /actuator.html HTTP/1.1" 200 2970 "-" "Mozilla/5.0 (compatible; Googlebot/2.1; +http://www.google.com/bot.html)"
66.249.72.173 - - [19/Oct/2006:06:48:57 +0200] "GET /DacPresentation.pdf HTTP/1.1" 200 1264367 "-" "Mozilla/5.0 (compatible; Googlebot/2.1; +http://www.google.com/bot.html)"
