213.84.219.101 - - [10/Apr/2006:19:03:07 +0200] "GET /overdac.html HTTP/1.1" 200 2439 "http://overmaas.tuxtown.net/" "Mozilla/5.0 (Windows; U; Windows NT 5.1; nl; rv:1.8.0.1) Gecko/20060111 Firefox/1.5.0.1"
213.84.219.101 - - [10/Apr/2006:19:03:42 +0200] "GET /index.html HTTP/1.1" 304 - "http://overmaas.tuxtown.net/manufactor.html" "Mozilla/5.0 (Windows; U; Windows NT 5.1; nl; rv:1.8.0.1) Gecko/20060111 Firefox/1.5.0.1"
145.99.163.83 - - [10/Apr/2006:22:29:26 +0200] "GET /favicon.ico HTTP/1.1" 404 297 "-" "Mozilla/5.0 (X11; U; Linux i686; en-US; rv:1.8) Gecko/20051202 CentOS/1.5-1.c4.centos4 Firefox/1.5"
62.234.138.228 - - [11/Apr/2006:10:57:00 +0200] "GET /myfile.txt HTTP/1.1" 404 296 "referrers.inc" "OzzBrowzer 1.0 basic"
66.249.65.115 - - [12/Apr/2006:13:57:47 +0200] "GET /sitemap.txt HTTP/1.1" 200 336 "-" "Mozilla/5.0 (compatible; Googlebot/2.1; +http://www.google.com/bot.html)"
66.249.65.115 - - [14/Apr/2006:14:23:34 +0200] "GET /DacPresentation.pdf HTTP/1.1" 200 1594458 "-" "Mozilla/5.0 (compatible; Googlebot/2.1; +http://www.google.com/bot.html)"
66.249.66.161 - - [19/Apr/2006:00:22:08 +0200] "GET /robots.txt HTTP/1.1" 404 296 "-" "Mozilla/5.0 (compatible; Googlebot/2.1; +http://www.google.com/bot.html)"
66.249.66.161 - - [25/Apr/2006:06:13:12 +0200] "GET /sitemap.txt HTTP/1.1" 200 336 "-" "Mozilla/5.0 (compatible; Googlebot/2.1; +http://www.google.com/bot.html)"
213.84.219.101 - - [25/Apr/2006:19:48:47 +0200] "GET /DacPresentation.pdf HTTP/1.1" 206 319352 "-" "Mozilla/4.0 (compatible; MSIE 6.0; Windows NT 5.1; SV1; .NET CLR 1.1.4322)"
213.84.219.101 - - [25/Apr/2006:19:53:05 +0200] "GET /DacPresentation.pdf HTTP/1.1" 206 238770 "-" "Mozilla/4.0 (compatible; MSIE 6.0; Windows NT 5.1; SV1; .NET CLR 1.1.4322)"
66.249.65.229 - - [25/Apr/2006:20:59:18 +0200] "GET /sitemap.xml HTTP/1.1" 200 1110 "-" "Mozilla/5.0 (compatible; Googlebot/2.1; +http://www.google.com/bot.html)"
213.84.219.101 - - [25/Apr/2006:21:38:06 +0200] "GET /DacPresentation.pdf HTTP/1.1" 206 1605 "-" "Mozilla/4.0 (compatible; MSIE 6.0; Windows NT 5.1; SV1; .NET CLR 1.1.4322)"
213.84.219.101 - - [25/Apr/2006:21:43:19 +0200] "GET /dacachter.JPG HTTP/1.1" 304 - "http://overmaas.tuxtown.net/index.html" "Mozilla/4.0 (compatible; MSIE 6.0; Windows NT 5.1; SV1; .NET CLR 1.1.4322)"
213.84.219.101 - - [25/Apr/2006:21:56:49 +0200] "GET / HTTP/1.1" 200 1930 "-" "Mozilla/5.0 (Windows; U; Windows NT 5.1; nl; rv:1.8.0.2) Gecko/20060308 Firefox/1.5.0.2"
213.84.219.101 - - [25/Apr/2006:21:57:05 +0200] "GET /route.html HTTP/1.1" 200 1440 "http://overmaas.tuxtown.net/overdac.html" "Mozilla/5.0 (Windows; U; Windows NT 5.1; nl; rv:1.8.0.2) Gecko/20060308 Firefox/1.5.0.2"
66.249.65.116 - - [26/Apr/2006:18:50:36 +0200] "HEAD / HTTP/1.1" 200 - "-" "Mozilla/5.0 (compatible; Googlebot/2.1; +http://www.google.com/bot.html)"
86.80.1.7 - - [27/Apr/2006:12:29:45 +0200] "GET /overdac.html HTTP/1.1" 200 3093 "http://overmaas.tuxtown.net/index.html" "Mozilla/4.0 (compatible; MSIE 6.0; Windows NT 5.1; SV1; .NET CLR 1.1.4322)"
86.80.1.7 - - [27/Apr/2006:12:30:39 +0200] "GET /DacPresentation.pdf HTTP/1.1" 206 3099 "-" "Mozilla/4.0 (compatible; MSIE 6.0; Windows NT 5.1; SV1; .NET CLR 1.1.4322)"
213.84.219.101 - - [27/Apr/2006:16:58:07 +0200] "GET /dacstyle.css HTTP/1.1" 304 - "http://overmaas.tuxtown.net/" "Mozilla/5.0 (Windows; U; Windows NT 5.1; nl; rv:1.8.0.2) Gecko/20060308 Firefox/1.5.0.2"
213.84.219.101 - - [27/Apr/2006:17:41:07 +0200] "GET /index.html HTTP/1.1" 304 - "http://overmaas.tuxtown.net/manufactor.html" "Mozilla/4.0 (compatible; MSIE 6.0; Windows NT 5.1; SV1; .NET CLR 1.1.4322)"
213.84.219.101 - - [27/Apr/2006:17:47:16 +0200] "GET /dacachter.JPG HTTP/1.1" 304 - "http://overmaas.tuxtown.net/manufactor.html" "Mozilla/4.0 (compatible; MSIE 6.0; Windows NT 5.1; SV1; .NET CLR 1.1.4322)"
213.84.219.101 - - [27/Apr/2006:18:15:56 +0200] "GET /dwnload.html HTTP/1.1" 200 1867 "http://overmaas.tuxtown.net/route.html" "Mozilla/5.0 (Windows; U; Windows NT 5.1; nl; rv:1.8.0.2) Gecko/20060308 Firefox/1.5.0.2"
213.84.219.101 - - [27/Apr/2006:18:21:24 +0200] "GET /dacachter.JPG HTTP/1.1" 304 - "http://overmaas.tuxtown.net/dacstyle.css" "Mozilla/5.0 (Windows; U; Windows NT 5.1; nl; rv:1.8.0.2) Gecko/20060308 Firefox/1.5.0.2"
213.84.219.101 - - [27/Apr/2006:18:22:41 +0200] "GET /dacachter.JPG HTTP/1.1" 304 - "http://overmaas.tuxtown.net/dacstyle.css" "Mozilla/5.0 (Windows; U; Windows NT 5.1; nl; rv:1.8.0.2) Gecko/20060308 Firefox/1.5.0.2"
213.84.219.101 - - [27/Apr/2006:18:26:07 +0200] "GET /dacstyle.css HTTP/1.1" 200 2082 "http://overmaas.tuxtown.net/index.html" "Mozilla/5.0 (Windows; U; Windows NT 5.1; nl; rv:1.8.0.2) Gecko/20060308 Firefox/1.5.0.2"
213.84.219.101 - - [27/Apr/2006:18:33:59 +0200] "GET /dacstyle.css HTTP/1.1" 200 1711 "http://overmaas.tuxtown.net/index.html" "Mozilla/5.0 (Windows; U; Windows NT 5.1; nl; rv:1.8.0.2) Gecko/20060308 Firefox/1.5.0.2"
213.84.219.101 - - [27/Apr/2006:18:35:55 +0200] "GET /dacstyle.css HTTP/1.1" 304 - "http://overmaas.tuxtown.net/index.html" "Mozilla/5.0 (Windows; U; Windows NT 5.1; nl; rv:1.8.0.2) Gecko/20060308 Firefox/1.5.0.2"
128.30.52.34 - - [27/Apr/2006:18:37:31 +0200] "GET /dacstyle.css HTTP/1.1" 200 1747 "-" "Jigsaw/2.2.5 W3C_CSS_Validator_JFouffa/2.0"
213.84.219.101 - - [27/Apr/2006:18:39:41 +0200] "GET /dacstyle.css HTTP/1.1" 200 1745 "http://overmaas.tuxtown.net/index.html" "Mozilla/5.0 (Windows; U; Windows NT 5.1; nl; rv:1.8.0.2) Gecko/20060308 Firefox/1.5.0.2"
213.84.219.101 - - [27/Apr/2006:18:39:49 +0200] "GET /dacstyle.css HTTP/1.1" 304 - "http://overmaas.tuxtown.net/index.html" "Mozilla/4.0 (compatible; MSIE 6.0; Windows NT 5.1; SV1; .NET CLR 1.1.4322)"
213.84.219.101 - - [27/Apr/2006:18:41:29 +0200] "GET /dacstyle.css HTTP/1.1" 200 1763 "http://overmaas.tuxtown.net/index.html" "Mozilla/4.0 (compatible; MSIE 6.0; Windows NT 5.1; SV1; .NET CLR 1.1.4322)"
213.84.219.101 - - [27/Apr/2006:19:32:02 +0200] "GET /index.html HTTP/1.1" 200 1848 "http://overmaas.tuxtown.net/route.html" "Mozilla/4.0 (compatible; MSIE 6.0; Windows NT 5.1; SV1; .NET CLR 1.1.4322)"
213.84.219.101 - - [27/Apr/2006:21:40:48 +0200] "GET /dacstyle.css HTTP/1.1" 200 1803 "http://overmaas.tuxtown.net/overdac.html" "Mozilla/5.0 (Windows; U; Windows NT 5.1; nl; rv:1.8.0.2) Gecko/20060308 Firefox/1.5.0.2"
213.84.219.101 - - [27/Apr/2006:21:49:37 +0200] "GET /dacstyle.css HTTP/1.1" 200 1833 "http://overmaas.tuxtown.net/overdac.html" "Mozilla/5.0 (Windows; U; Windows NT 5.1; nl; rv:1.8.0.2) Gecko/20060308 Firefox/1.5.0.2"
213.84.219.101 - - [27/Apr/2006:22:47:42 +0200] "GET /overdac.html HTTP/1.1" 304 - "http://overmaas.tuxtown.net/index.html" "Mozilla/4.0 (compatible; MSIE 6.0; Windows NT 5.1; SV1; .NET CLR 1.1.4322)"
66.249.66.168 - - [28/Apr/2006:04:33:22 +0200] "GET /manufactor.html HTTP/1.1" 200 2969 "-" "Mozilla/5.0 (compatible; Googlebot/2.1; +http://www.google.com/bot.html)"
62.234.138.228 - - [28/Apr/2006:09:00:49 +0200] "GET /DacPresentation.pdf HTTP/1.1" 200 1264367 "http://overmaas.tuxtown.net/dwnload.html" "Mozilla/5.0 (Windows; U; Windows NT 5.0; en-US; rv:1.7.12) Gecko/20050915 Firefox/1.0.7"
66.249.66.133 - - [29/Apr/2006:00:43:58 +0200] "GET /sitemap.xml HTTP/1.1" 304 - "-" "Mozilla/5.0 (compatible; Googlebot/2.1; +http://www.google.com/bot.html)"
83.83.146.102 - - [29/Apr/2006:18:45:32 +0200] "GET /favicon.ico HTTP/1.1" 404 297 "-" "Mozilla/5.0 (Windows; U; Windows NT 5.1; en-US; rv:1.7.8) Gecko/20050511 Firefox/1.0.4"
213.84.219.101 - - [01/May/2006:19:24:43 +0200] "GET /overdac.html HTTP/1.1" 304 - "http://overmaas.tuxtown.net" "Mozilla/4.0 (compatible; MSIE 6.0; Windows NT 5.1; SV1; .NET CLR 1.1.4322)"
213.84.219.101 - - [01/May/2006:19:33:50 +0200] "GET /index.html HTTP/1.1" 200 1891 "http://overmaas.tuxtown.net/overdac.html" "Mozilla/4.0 (compatible; MSIE 6.0; Windows NT 5.1; SV1; .NET CLR 1.1.4322)"
213.84.219.101 - - [01/May/2006:19:34:20 +0200] "GET /dacstyle.css HTTP/1.1" 304 - "http://overmaas.tuxtown.net/index.html" "Mozilla/4.0 (compatible; MSIE 6.0; Windows NT 5.1; SV1; .NET CLR 1.1.4322)"
213.84.219.101 - - [01/May/2006:19:36:06 +0200] "GET /pics/dacimg-054.jpg HTTP/1.1" 304 - "http://overmaas.tuxtown.net/index.html" "Mozilla/4.0 (compatible; MSIE 6.0; Windows NT 5.1; SV1; .NET CLR 1.1.4322)"
213.84.219.101 - - [01/May/2006:19:36:54 +0200] "GET /dacachter.JPG HTTP/1.1" 304 - "http://overmaas.tuxtown.net/index.html" "Mozilla/4.0 (compatible; MSIE 6.0; Windows NT 5.1; SV1; .NET CLR 1.1.4322)"
213.84.219.101 - - [01/May/2006:19:40:29 +0200] "GET /index.html HTTP/1.1" 200 1920 "http://overmaas.tuxtown.net/overdac.html" "Mozilla/4.0 (compatible; MSIE 6.0; Windows NT 5.1; SV1; .NET CLR 1.1.4322)"
128.30.52.34 - - [01/May/2006:19:44:09 +0200] "GET / HTTP/1.1" 200 1920 "-" "Jigsaw/2.2.5 W3C_CSS_Validator_JFouffa/2.0"
213.84.219.101 - - [01/May/2006:19:49:33 +0200] "GET /dacachter.JPG HTTP/1.1" 304 - "http://overmaas.tuxtown.net/index.html" "Mozilla/4.0 (compatible; MSIE 6.0; Windows NT 5.1; SV1; .NET CLR 1.1.4322)"
213.84.219.101 - - [01/May/2006:19:52:29 +0200] "GET /index.html HTTP/1.1" 304 - "http://overmaas.tuxtown.net/overdac.html" "Mozilla/4.0 (compatible; MSIE 6.0; Windows NT 5.1; SV1; .NET CLR 1.1.4322)"
213.84.219.101 - - [01/May/2006:19:58:54 +0200] "GET /index.html HTTP/1.1" 200 3446 "http://overmaas.tuxtown.net/manufactor.html" "Mozilla/4.0 (compatible; MSIE 6.0; Windows NT 5.1; SV1; .NET CLR 1.1.4322)"
66.249.66.133 - - [01/May/2006:20:08:39 +0200] "GET /sitemap.xml HTTP/1.1" 304 - "-" "Mozilla/5.0 (compatible; Googlebot/2.1; +http://www.google.com/bot.html)"
213.84.219.101 - - [01/May/2006:20:17:15 +0200] "GET /index.html HTTP/1.1" 200 3390 "http://overmaas.tuxtown.net/index.html" "Mozilla/4.0 (compatible; MSIE 6.0; Windows NT 5.1; SV1; .NET CLR 1.1.4322)"
213.84.219.101 - - [01/May/2006:20:17:42 +0200] "GET /manufactor.html HTTP/1.1" 304 - "http://overmaas.tuxtown.net/index.html" "Mozilla/4.0 (compatible; MSIE 6.0; Windows NT 5.1; SV1; .NET CLR 1.1.4322)"
213.84.219.101 - - [01/May/2006:20:32:11 +0200] "GET /dacachter.JPG HTTP/1.1" 304 - "http://overmaas.tuxtown.net/actuator.html" "Mozilla/4.0 (compatible; MSIE 6.0; Windows NT 5.1; SV1; .NET CLR 1.1.4322)"
213.84.219.101 - - [01/May/2006:20:36:30 +0200] "GET /pics1/dacimg1-051.jpg HTTP/1.1" 304 - "http://overmaas.tuxtown.net/actuator.html" "Mozilla/4.0 (compatible; MSIE 6.0; Windows NT 5.1; SV1; .NET CLR 1.1.4322)"
213.84.219.101 - - [01/May/2006:20:37:48 +0200] "GET /pics1/dacimg1-058.jpg HTTP/1.1" 304 - "http://overmaas.tuxtown.net/actuator.html" "Mozilla/4.0 (compatible; MSIE 6.0; Windows NT 5.1; SV1; .NET CLR 1.1.4322)"
213.84.219.101 - - [01/May/2006:20:41:07 +0200] "GET /pics1/dacimg1-058.jpg HTTP/1.1" 304 - "http://overmaas.tuxtown.net/actuator.html" "Mozilla/4.0 (compatible; MSIE 6.0; Windows NT 5.1; SV1; .NET CLR 1.1.4322)"
213.84.219.101 - - [01/May/2006:20:46:04 +0200] "GET /actuator.html HTTP/1.1" 200 3190 "http://overmaas.tuxtown.net/index.html" "Mozilla/4.0 (compatible; MSIE 6.0; Windows NT 5.1; SV1; .NET CLR 1.1.4322)"
213.84.219.101 - - [01/May/2006:20:47:12 +0200] "GET /pics1/dacimg1-051.jpg HTTP/1.1" 304 - "http://overmaas.tuxtown.net/actuator.html" "Mozilla/4.0 (compatible; MSIE 6.0; Windows NT 5.1; SV1; .NET CLR 1.1.4322)"
213.84.219.101 - - [01/May/2006:20:52:36 +0200] "GET /dwnload.html HTTP/1.1" 304 - "http://overmaas.tuxtown.net/overdac.html" "Mozilla/4.0 (compatible; MSIE 6.0; Windows NT 5.1; SV1; .NET CLR 1.1.4322)"
133.27.228.132 - - [01/May/2006:20:53:51 +0200] "GET /actuator.html HTTP/1.1" 200 3153 "-" "W3C_Validator/1.432.2.10"
213.84.219.101 - - [01/May/2006:20:54:33 +0200] "GET /dacachter.JPG HTTP/1.1" 304 - "http://overmaas.tuxtown.net/index.html" "Mozilla/4.0 (compatible; MSIE 6.0; Windows NT 5.1; SV1; .NET CLR 1.1.4322)"
213.84.219.101 - - [01/May/2006:21:03:40 +0200] "GET /index.html HTTP/1.1" 200 3390 "http://overmaas.tuxtown.net/dwnload.html" "Mozilla/4.0 (compatible; MSIE 6.0; Windows NT 5.1; SV1; .NET CLR 1.1.4322)"
213.84.219.101 - - [01/May/2006:21:09:03 +0200] "GET /dacachter.JPG HTTP/1.1" 304 - "http://overmaas.tuxtown.net/reflist.html" "Mozilla/4.0 (compatible; MSIE 6.0; Windows NT 5.1; SV1; .NET CLR 1.1.4322)"
213.84.219.101 - - [01/May/2006:21:10:04 +0200] "GET /pics/dacimg-001.jpg HTTP/1.1" 304 - "http://overmaas.tuxtown.net/reflist.html" "Mozilla/4.0 (compatible; MSIE 6.0; Windows NT 5.1; SV1; .NET CLR 1.1.4322)"
213.84.219.101 - - [01/May/2006:21:17:32 +0200] "GET /dacstyle.css HTTP/1.1" 304 - "http://overmaas.tuxtown.net/reflist.html" "Mozilla/4.0 (compatible; MSIE 6.0; Windows NT 5.1; SV1; .NET CLR 1.1.4322)"
213.84.219.101 - - [01/May/2006:21:25:18 +0200] "GET /dacstyle.css HTTP/1.1" 304 - "http://overmaas.tuxtown.net/index.html" "Mozilla/4.0 (compatible; MSIE 6.0; Windows NT 5.1; SV1; .NET CLR 1.1.4322)"
213.84.219.101 - - [01/May/2006:21:28:38 +0200] "GET /dacachter.JPG HTTP/1.1" 304 - "http://overmaas.tuxtown.net/index.html" "Mozilla/4.0 (compatible; MSIE 6.0; Windows NT 5.1; SV1; .NET CLR 1.1.4322)"
213.84.219.101 - - [01/May/2006:21:29:51 +0200] "GET /index.html HTTP/1.1" 304 - "http://overmaas.tuxtown.net/index.html" "Mozilla/4.0 (compatible; MSIE 6.0; Windows NT 5.1; SV1; .NET CLR 1.1.4322)"
213.84.219.101 - - [01/May/2006:21:30:53 +0200] "GET /dacachter.JPG HTTP/1.1" 304 - "http://overmaas.tuxtown.net/index.html" "Mozilla/4.0 (compatible; MSIE 6.0; Windows NT 5.1; SV1; .NET CLR 1.1.4322)"
213.84.219.101 - - [01/May/2006:21:33:41 +0200] "GET /actuator.html HTTP/1.1" 304 - "http://overmaas.tuxtown.net/index.html" "Mozilla/4.0 (compatible; MSIE 6.0; Windows NT 5.1; SV1; .NET CLR 1.1.4322)"
213.84.219.101 - - [01/May/2006:21:37:20 +0200] "GET /overdac.html HTTP/1.1" 200 2981 "http://overmaas.tuxtown.net/index.html" "Mozilla/4.0 (compatible; MSIE 6.0; Windows NT 5.1; SV1; .NET CLR 1.1.4322)"
213.84.219.101 - - [01/May/2006:21:37:29 +0200] "GET /dacachter.JPG HTTP/1.1" 304 - "http://overmaas.tuxtown.net/actuator.html" "Mozilla/4.0 (compatible; MSIE 6.0; Windows NT 5.1; SV1; .NET CLR 1.1.4322)"
213.84.219.101 - - [01/May/2006:21:37:43 +0200] "GET /dwnload.html HTTP/1.1" 200 1664 "http://overmaas.tuxtown.net/reflist.html" "Mozilla/4.0 (compatible; MSIE 6.0; Windows NT 5.1; SV1; .NET CLR 1.1.4322)"
213.84.219.101 - - [01/May/2006:21:37:49 +0200] "GET /map.gif HTTP/1.1" 304 - "http://overmaas.tuxtown.net/route.html" "Mozilla/4.0 (compatible; MSIE 6.0; Windows NT 5.1; SV1; .NET CLR 1.1.4322)"
213.84.219.101 - - [01/May/2006:21:45:57 +0200] "GET /reflist.html HTTP/1.1" 200 3097 "http://overmaas.tuxtown.net/consultancy.html" "Mozilla/4.0 (compatible; MSIE 6.0; Windows NT 5.1; SV1; .NET CLR 1.1.4322)"
62.234.138.228 - - [02/May/2006:08:38:28 +0200] "GET /pics/dacimg-001.jpg HTTP/1.1" 200 82176 "http://overmaas.tuxtown.net/" "Mozilla/4.0 (compatible; MSIE 6.0; Windows NT 5.0; .NET CLR 1.1.4322; .NET CLR 2.0.40607)"
62.234.138.228 - - [02/May/2006:08:40:07 +0200] "GET /index.html HTTP/1.1" 200 3389 "http://overmaas.tuxtown.net/reflist.html" "Mozilla/4.0 (compatible; MSIE 6.0; Windows NT 5.0; .NET CLR 1.1.4322; .NET CLR 2.0.40607)"
213.222.28.155 - - [02/May/2006:08:54:15 +0200] "GET /favicon.ico HTTP/1.1" 404 297 "-" "Mozilla/5.0 (Macintosh; U; PPC Mac OS X; en) AppleWebKit/418 (KHTML, like Gecko) Safari/417.9.2"
213.222.28.155 - - [02/May/2006:08:55:19 +0200] "GET /dacachter.JPG HTTP/1.1" 200 13721 "http://overmaas.tuxtown.net/dacstyle.css" "Mozilla/5.0 (Macintosh; U; PPC Mac OS X Mach-O; en-US; rv:1.8) Gecko/20051111 Firefox/1.5"
86.80.1.7 - - [02/May/2006:11:30:10 +0200] "GET /dacachter.JPG HTTP/1.1" 304 - "http://overmaas.tuxtown.net" "Mozilla/4.0 (compatible; MSIE 6.0; Windows NT 5.1; SV1; .NET CLR 1.1.4322)"
86.80.1.7 - - [02/May/2006:11:31:02 +0200] "GET /dwnload.html HTTP/1.1" 200 1664 "http://overmaas.tuxtown.net/reflist.html" "Mozilla/4.0 (compatible; MSIE 6.0; Windows NT 5.1; SV1; .NET CLR 1.1.4322)"
86.80.1.7 - - [02/May/2006:11:33:50 +0200] "GET /index.html HTTP/1.1" 304 - "-" "Mozilla/4.0 (compatible; MSIE 6.0; Windows NT 5.1; SV1; .NET CLR 1.1.4322)"
86.80.1.7 - - [02/May/2006:16:37:32 +0200] "GET /pics/dacimg-001.jpg HTTP/1.1" 200 82176 "http://overmaas.tuxtown.net/" "Mozilla/4.0 (compatible; MSIE 6.0; Windows NT 5.1; SV1; .NET CLR 1.1.4322)"
86.80.1.7 - - [02/May/2006:16:39:20 +0200] "GET /DacPresentation.pdf HTTP/1.1" 200 1264367 "http://overmaas.tuxtown.net/dwnload.html" "Mozilla/4.0 (compatible; MSIE 6.0; Windows NT 5.1; SV1; .NET CLR 1.1.4322)"
86.80.1.7 - - [03/May/2006:08:26:55 +0200] "GET /dacstyle.css HTTP/1.1" 304 - "http://overmaas.tuxtown.net/" "Mozilla/4.0 (compatible; MSIE 6.0; Windows NT 5.1; SV1; .NET CLR 1.1.4322)"
86.80.1.7 - - [03/May/2006:08:28:57 +0200] "GET /overdac.html HTTP/1.1" 304 - "http://overmaas.tuxtown.net/" "Mozilla/4.0 (compatible; MSIE 6.0; Windows NT 5.1; SV1; .NET CLR 1.1.4322)"
213.84.219.101 - - [03/May/2006:20:42:59 +0200] "GET /actuator.html HTTP/1.1" 304 - "http://overmaas.tuxtown.net" "Mozilla/4.0 (compatible; MSIE 6.0; Windows NT 5.1; SV1; .NET CLR 1.1.4322)"
213.84.219.101 - - [03/May/2006:20:44:35 +0200] "GET /index.html HTTP/1.1" 304 - "http://overmaas.tuxtown.net/actuator.html" "Mozilla/4.0 (compatible; MSIE 6.0; Windows NT 5.1; SV1; .NET CLR 1.1.4322)"
213.84.219.101 - - [03/May/2006:20:45:58 +0200] "GET /dacachter.JPG HTTP/1.1" 304 - "http://overmaas.tuxtown.net/index.html" "Mozilla/4.0 (compatible; MSIE 6.0; Windows NT 5.1; SV1; .NET CLR 1.1.4322)"
86.80.1.7 - - [04/May/2006:09:20:49 +0200] "GET /pics/dacimg-054.jpg HTTP/1.1" 304 - "http://overmaas.tuxtown.net/index.html" "Mozilla/4.0 (compatible; MSIE 6.0; Windows NT 5.1; SV1; .NET CLR 1.1.4322)"
86.80.1.7 - - [04/May/2006:09:22:06 +0200] "GET /dwnload.html HTTP/1.1" 304 - "http://overmaas.tuxtown.net/reflist.html" "Mozilla/4.0 (compatible; MSIE 6.0; Windows NT 5.1; SV1; .NET CLR 1.1.4322)"
86.80.1.7 - - [05/May/2006:09:34:49 +0200] "GET /index.html HTTP/1.1" 200 3393 "-" "Mozilla/4.0 (compatible; MSIE 6.0; Windows NT 5.1; SV1; .NET CLR 1.1.4322)"
86.80.1.7 - - [05/May/2006:09:34:58 +0200] "GET /consultancy.html HTTP/1.1" 304 - "http://overmaas.tuxtown.net/actuator.html" "Mozilla/4.0 (compatible; MSIE 6.0; Windows NT 5.1; SV1; .NET CLR 1.1.4322)"
213.84.219.101 - - [05/May/2006:10:51:08 +0200] "GET /dacachter.JPG HTTP/1.1" 304 - "http://overmaas.tuxtown.net/dacstyle.css" "Mozilla/5.0 (Windows; U; Windows NT 5.1; nl; rv:1.8.0.3) Gecko/20060426 Firefox/1.5.0.3"
213.84.219.101 - - [05/May/2006:10:54:09 +0200] "GET /pics/dacimg-054.jpg HTTP/1.1" 304 - "http://overmaas.tuxtown.net" "Mozilla/4.0 (compatible; MSIE 6.0; Windows NT 5.1; SV1; .NET CLR 1.1.4322)"
213.84.219.101 - - [05/May/2006:10:54:16 +0200] "GET /pics1/dacimg1-058.jpg HTTP/1.1" 304 - "http://overmaas.tuxtown.net/actuator.html" "Mozilla/4.0 (compatible; MSIE 6.0; Windows NT 5.1; SV1; .NET CLR 1.1.4322)"
213.84.219.101 - - [05/May/2006:11:01:24 +0200] "GET /pics1/dacimg1-051.jpg HTTP/1.1" 304 - "http://overmaas.tuxtown.net/actuator.html" "Mozilla/4.0 (compatible; MSIE 6.0; Windows NT 5.1; SV1; .NET CLR 1.1.4322)"
213.84.219.101 - - [05/May/2006:11:01:41 +0200] "GET /pics/dacimg-001.jpg HTTP/1.1" 200 82176 "http://overmaas.tuxtown.net/dacstyle.css" "Mozilla/5.0 (Windows; U; Windows NT 5.1; nl; rv:1.8.0.3) Gecko/20060426 Firefox/1.5.0.3"
213.84.219.101 - - [05/May/2006:11:02:57 +0200] "GET /pics/dacimg-054.jpg HTTP/1.1" 304 - "http://overmaas.tuxtown.net/index.html" "Mozilla/4.0 (compatible; MSIE 6.0; Windows NT 5.1; SV1; .NET CLR 1.1.4322)"
213.84.219.101 - - [05/May/2006:20:16:49 +0200] "GET /actuator.html HTTP/1.1" 304 - "http://overmaas.tuxtown.net" "Mozilla/4.0 (compatible; MSIE 6.0; Windows NT 5.1; SV1; .NET CLR 1.1.4322)"
66.249.72.105 - - [07/May/2006:06:30:30 +0200] "GET /robots.txt HTTP/1.1" 200 36 "-" "Mozilla/5.0 (compatible; Googlebot/2.1; +http://www.google.com/bot.html)"
213.84.219.101 - - [07/May/2006:15:24:03 +0200] "GET /dacachter.JPG HTTP/1.1" 304 - "http://overmaas.tuxtown.net" "Mozilla/4.0 (compatible; MSIE 6.0; Windows NT 5.1; SV1; .NET CLR 1.1.4322)"
213.84.219.101 - - [07/May/2006:15:31:31 +0200] "GET /dacstyle.css HTTP/1.1" 200 1972 "http://overmaas.tuxtown.net/reflist.html" "Mozilla/4.0 (compatible; MSIE 6.0; Windows NT 5.1; SV1; .NET CLR 1.1.4322)"
213.84.219.101 - - [07/May/2006:15:57:57 +0200] "GET /daclogoweer.png HTTP/1.1" 200 9412 "http://overmaas.tuxtown.net/" "Mozilla/4.0 (compatible; MSIE 6.0; Windows NT 5.1; SV1; .NET CLR 1.1.4322)"
213.84.219.101 - - [07/May/2006:16:00:35 +0200] "GET /pics/dacimg-054.jpg HTTP/1.1" 304 - "http://overmaas.tuxtown.net/" "Mozilla/4.0 (compatible; MSIE 6.0; Windows NT 5.1; SV1; .NET CLR 1.1.4322)"
213.84.219.101 - - [07/May/2006:16:01:00 +0200] "GET /daclogoweer.png HTTP/1.1" 304 - "http://overmaas.tuxtown.net/" "Mozilla/4.0 (compatible; MSIE 6.0; Windows NT 5.1; SV1; .NET CLR 1.1.4322)"
213.84.219.101 - - [07/May/2006:16:02:25 +0200] "GET /pics/dacimg-054.jpg HTTP/1.1" 304 - "http://overmaas.tuxtown.net/" "Mozilla/4.0 (compatible; MSIE 6.0; Windows NT 5.1; SV1; .NET CLR 1.1.4322)"
213.84.219.101 - - [07/May/2006:16:04:15 +0200] "GET /daclogoweer.png HTTP/1.1" 304 - "http://overmaas.tuxtown.net/" "Mozilla/4.0 (compatible; MSIE 6.0; Windows NT 5.1; SV1; .NET CLR 1.1.4322)"
213.84.219.101 - - [07/May/2006:16:10:44 +0200] "GET /reflist.html HTTP/1.1" 304 - "http://overmaas.tuxtown.net/consultancy.html" "Mozilla/4.0 (compatible; MSIE 6.0; Windows NT 5.1; SV1; .NET CLR 1.1.4322)"
213.84.219.101 - - [07/May/2006:16:11:14 +0200] "GET /pics/dacimg-001.jpg HTTP/1.1" 304 - "http://overmaas.tuxtown.net/index.html" "Mozilla/4.0 (compatible; MSIE 6.0; Windows NT 5.1; SV1; .NET CLR 1.1.4322)"
213.84.219.101 - - [07/May/2006:16:12:47 +0200] "GET /index.html HTTP/1.1" 304 - "http://overmaas.tuxtown.net/reflist.html" "Mozilla/4.0 (compatible; MSIE 6.0; Windows NT 5.1; SV1; .NET CLR 1.1.4322)"
213.84.219.101 - - [07/May/2006:16:13:30 +0200] "GET /daclogoweer.png HTTP/1.1" 200 9412 "http://overmaas.tuxtown.net/dacstyle.css" "Mozilla/5.0 (Windows; U; Windows NT 5.1; nl; rv:1.8.0.3) Gecko/20060426 Firefox/1.5.0.3"
213.84.219.101 - - [07/May/2006:16:19:33 +0200] "GET /pics/dacimg-001.jpg HTTP/1.1" 304 - "http://overmaas.tuxtown.net/index.html" "Mozilla/4.0 (compatible; MSIE 6.0; Windows NT 5.1; SV1; .NET CLR 1.1.4322)"
213.84.219.101 - - [07/May/2006:16:21:16 +0200] "GET /pics/dacimg-054.jpg HTTP/1.1" 304 - "http://overmaas.tuxtown.net/index.html" "Mozilla/4.0 (compatible; MSIE 6.0; Windows NT 5.1; SV1; .NET CLR 1.1.4322)"
213.84.219.101 - - [07/May/2006:16:24:19 +0200] "GET /actuator.html HTTP/1.1" 304 - "http://overmaas.tuxtown.net/index.html" "Mozilla/4.0 (compatible; MSIE 6.0; Windows NT 5.1; SV1; .NET CLR 1.1.4322)"
213.84.219.101 - - [07/May/2006:16:25:34 +0200] "GET /dacachter.JPG HTTP/1.1" 304 - "http://overmaas.tuxtown.net/index.html" "Mozilla/4.0 (compatible; MSIE 6.0; Windows NT 5.0)"
213.84.219.101 - - [07/May/2006:16:38:34 +0200] "GET /daclogoweer2.png HTTP/1.1" 200 13348 "http://overmaas.tuxtown.net/dacstyle.css" "Mozilla/5.0 (Windows; U; Windows NT 5.1; nl; rv:1.8.0.3) Gecko/20060426 Firefox/1.5.0.3"
213.84.219.101 - - [07/May/2006:16:39:15 +0200] "GET /pics/dacimg-001.jpg HTTP/1.1" 200 82176 "http://overmaas.tuxtown.net/dacstyle.css" "Mozilla/5.0 (Windows; U; Windows NT 5.1; nl; rv:1.8.0.3) Gecko/20060426 Firefox/1.5.0.3"
213.84.219.101 - - [07/May/2006:16:44:37 +0200] "GET /pics1/dacimg1-058.jpg HTTP/1.1" 304 - "http://overmaas.tuxtown.net/actuator.html" "Mozilla/4.0 (compatible; MSIE 6.0; Windows NT 5.1; SV1; .NET CLR 1.1.4322)"
213.84.219.101 - - [07/May/2006:19:27:26 +0200] "GET /pics/dacimg-001.jpg HTTP/1.1" 304 - "http://overmaas.tuxtown.net/actuator.html" "Mozilla/4.0 (compatible; MSIE 6.0; Windows NT 5.0)"
62.234.138.228 - - [08/May/2006:10:05:23 +0200] "GET / HTTP/1.1" 200 3239 "-" "Mozilla/5.0 (Windows; U; Windows NT 5.0; en-US; rv:1.7.12) Gecko/20050915 Firefox/1.0.7"
62.234.138.228 - - [08/May/2006:10:05:57 +0200] "GET /pics/dacimg-054.jpg HTTP/1.1" 304 - "http://overmaas.tuxtown.net/" "Mozilla/4.0 (compatible; MSIE 6.0; Windows NT 5.0; .NET CLR 1.1.4322; .NET CLR 2.0.40607)"
86.80.1.7 - - [08/May/2006:15:30:01 +0200] "GET /pics/dacimg-054.jpg HTTP/1.1" 304 - "http://overmaas.tuxtown.net/index.html" "Mozilla/4.0 (compatible; MSIE 6.0; Windows NT 5.1; SV1; .NET CLR 1.1.4322)"
86.80.1.7 - - [08/May/2006:15:30:28 +0200] "GET /reflist.html HTTP/1.1" 304 - "http://overmaas.tuxtown.net/consultancy.html" "Mozilla/4.0 (compatible; MSIE 6.0; Windows NT 5.1; SV1; .NET CLR 1.1.4322)"
86.80.1.7 - - [08/May/2006:15:33:08 +0200] "GET /pics/dacimg-001.jpg HTTP/1.1" 200 82176 "http://overmaas.tuxtown.net/" "Mozilla/4.0 (compatible; MSIE 6.0; Windows NT 5.1; SV1; .NET CLR 1.1.4322)"
86.80.1.7 - - [08/May/2006:15:33:36 +0200] "GET /map.gif HTTP/1.1" 200 23438 "http://overmaas.tuxtown.net/route.html" "Mozilla/4.0 (compatible; MSIE 6.0; Windows NT 5.1; SV1; .NET CLR 1.1.4322)"
213.84.219.101 - - [10/May/2006:17:12:04 +0200] "GET /pics/dacimg-001.jpg HTTP/1.1" 304 - "http://overmaas.tuxtown.net" "Mozilla/4.0 (compatible; MSIE 6.0; Windows NT 5.1; SV1; .NET CLR 1.1.4322)"
213.84.219.101 - - [10/May/2006:17:15:32 +0200] "GET /overdac.html HTTP/1.1" 200 3027 "http://overmaas.tuxtown.net" "Mozilla/4.0 (compatible; MSIE 6.0; Windows NT 5.1; SV1; .NET CLR 1.1.4322)"
213.84.219.101 - - [10/May/2006:17:19:42 +0200] "GET /pics/dacimg-001.jpg HTTP/1.1" 304 - "http://overmaas.tuxtown.net/overdac.html" "Mozilla/4.0 (compatible; MSIE 6.0; Windows NT 5.1; SV1; .NET CLR 1.1.4322)"
86.80.1.7 - - [10/May/2006:17:22:55 +0200] "GET /index.html HTTP/1.1" 304 - "-" "Mozilla/4.0 (compatible; MSIE 6.0; Windows NT 5.1; SV1; .NET CLR 1.1.4322)"
213.84.219.101 - - [10/May/2006:17:23:27 +0200] "GET /Interview.pdf HTTP/1.1" 206 806638 "http://overmaas.tuxtown.net/overdac.html" "Mozilla/4.0 (compatible; MSIE 6.0; Windows NT 5.1; SV1; .NET CLR 1.1.4322)"
213.84.219.101 - - [10/May/2006:17:26:39 +0200] "GET /pics/dacimg-001.jpg HTTP/1.1" 304 - "http://overmaas.tuxtown.net/index.html" "Mozilla/4.0 (compatible; MSIE 6.0; Windows NT 5.1; SV1; .NET CLR 1.1.4322)"
213.84.219.101 - - [10/May/2006:17:32:17 +0200] "GET /Interview.pdf HTTP/1.1" 206 755952 "-" "Mozilla/4.0 (compatible; MSIE 6.0; Windows NT 5.1; SV1; .NET CLR 1.1.4322)"
62.234.138.228 - - [11/May/2006:09:13:03 +0200] "GET /daclogoweer2.png HTTP/1.1" 304 - "http://overmaas.tuxtown.net/" "Mozilla/5.0 (Windows; U; Windows NT 5.0; en-US; rv:1.7.12) Gecko/20050915 Firefox/1.0.7"
62.234.138.228 - - [11/May/2006:14:36:20 +0200] "GET / HTTP/1.1" 304 - "-" "Mozilla/4.0 (compatible; MSIE 6.0; Windows NT 5.0; .NET CLR 1.1.4322; .NET CLR 2.0.40607)"
62.234.138.228 - - [11/May/2006:14:36:37 +0200] "GET /Interview.pdf HTTP/1.1" 206 824263 "-" "Mozilla/4.0 (compatible; MSIE 6.0; Windows NT 5.0; .NET CLR 1.1.4322; .NET CLR 2.0.40607)"
62.234.138.228 - - [11/May/2006:14:37:00 +0200] "GET /DacPresentation.pdf HTTP/1.1" 206 59021 "-" "Mozilla/4.0 (compatible; MSIE 6.0; Windows NT 5.0; .NET CLR 1.1.4322; .NET CLR 2.0.40607)"
213.84.219.101 - - [11/May/2006:18:50:36 +0200] "GET /actuator.html HTTP/1.1" 200 2970 "http://overmaas.tuxtown.net/" "Mozilla/5.0 (Windows; U; Windows NT 5.1; nl; rv:1.8.0.3) Gecko/20060426 Firefox/1.5.0.3"
86.80.1.7 - - [15/May/2006:13:02:59 +0200] "GET /dacstyle.css HTTP/1.1" 304 - "http://overmaas.tuxtown.net/index.html" "Mozilla/4.0 (compatible; MSIE 6.0; Windows NT 5.1; SV1; .NET CLR 1.1.4322)"
86.80.1.7 - - [15/May/2006:13:03:12 +0200] "GET /consultancy.html HTTP/1.1" 304 - "http://overmaas.tuxtown.net/actuator.html" "Mozilla/4.0 (compatible; MSIE 6.0; Windows NT 5.1; SV1; .NET CLR 1.1.4322)"
62.234.138.228 - - [16/May/2006:13:36:03 +0200] "GET /daclogoweer2.png HTTP/1.1" 304 - "http://overmaas.tuxtown.net/" "Mozilla/5.0 (Windows; U; Windows NT 5.0; en-US; rv:1.7.12) Gecko/20050915 Firefox/1.0.7"
86.80.1.7 - - [17/May/2006:13:02:05 +0200] "GET /pics/dacimg-054.jpg HTTP/1.1" 304 - "http://overmaas.tuxtown.net/index.html" "Mozilla/4.0 (compatible; MSIE 6.0; Windows NT 5.1; SV1; .NET CLR 1.1.4322)"
86.80.1.7 - - [17/May/2006:13:02:24 +0200] "GET /reflist.html HTTP/1.1" 304 - "http://overmaas.tuxtown.net/consultancy.html" "Mozilla/4.0 (compatible; MSIE 6.0; Windows NT 5.1; SV1; .NET CLR 1.1.4322)"
66.249.66.140 - - [17/May/2006:13:15:22 +0200] "GET /DacPresentation.pdf HTTP/1.1" 200 1264367 "-" "Mozilla/5.0 (compatible; Googlebot/2.1; +http://www.google.com/bot.html)"
86.80.1.7 - - [18/May/2006:08:10:17 +0200] "GET /daclogoweer2.png HTTP/1.1" 304 - "http://overmaas.tuxtown.net/index.html" "Mozilla/4.0 (compatible; MSIE 6.0; Windows NT 5.1; SV1; .NET CLR 1.1.4322)"
86.80.1.7 - - [18/May/2006:08:10:36 +0200] "GET /map.gif HTTP/1.1" 304 - "http://overmaas.tuxtown.net/route.html" "Mozilla/4.0 (compatible; MSIE 6.0; Windows NT 5.1; SV1; .NET CLR 1.1.4322)"
66.249.66.140 - - [19/May/2006:04:17:11 +0200] "GET /dwnload.html HTTP/1.1" 200 1664 "-" "Mozilla/5.0 (compatible; Googlebot/2.1; +http://www.google.com/bot.html)"
66.249.66.140 - - [19/May/2006:04:28:03 +0200] "GET /manufactor.html HTTP/1.1" 200 2969 "-" "Mozilla/5.0 (compatible; Googlebot/2.1; +http://www.google.com/bot.html)"
213.84.219.101 - - [20/May/2006:17:58:04 +0200] "GET / HTTP/1.1" 200 3239 "http://www.google.nl/search?hl=nl&ie=ISO-8859-1&q=overmaas.tuxtown.net+&btnG=Google+zoeken&meta=" "Mozilla/4.0 (PSP (PlayStation Portable); 2.00)"
213.84.219.101 - - [20/May/2006:17:59:12 +0200] "GET /overdac.html HTTP/1.1" 200 3136 "http://overmaas.tuxtown.net/route.html" "Mozilla/4.0 (PSP (PlayStation Portable); 2.00)"
213.84.219.101 - - [21/May/2006:11:22:08 +0200] "GET /favicon.ico HTTP/1.1" 404 297 "-" "Mozilla/5.0 (Windows; U; Windows NT 5.1; nl; rv:1.8.0.3) Gecko/20060426 Firefox/1.5.0.3"
66.249.66.140 - - [21/May/2006:11:26:18 +0200] "GET /robots.txt HTTP/1.1" 200 36 "-" "Mozilla/5.0 (compatible; Googlebot/2.1; +http://www.google.com/bot.html)"
86.80.1.7 - - [21/May/2006:13:48:49 +0200] "GET /map.gif HTTP/1.1" 304 - "http://overmaas.tuxtown.net/route.html" "Mozilla/4.0 (compatible; MSIE 6.0; Windows NT 5.1; SV1; .NET CLR 1.1.4322; .NET CLR 2.0.50727)"
86.80.1.7 - - [22/May/2006:14:12:29 +0200] "GET /actuator.html HTTP/1.1" 304 - "http://overmaas.tuxtown.net/index.html" "Mozilla/4.0 (compatible; MSIE 6.0; Windows NT 5.1; SV1; .NET CLR 1.1.4322; .NET CLR 2.0.50727)"
66.249.65.1 - - [24/May/2006:18:48:33 +0200] "HEAD / HTTP/1.1" 200 - "-" "Mozilla/5.0 (compatible; Googlebot/2.1; +http://www.google.com/bot.html)"
86.80.1.7 - - [29/May/2006:17:32:00 +0200] "GET /daclogoweer2.png HTTP/1.1" 304 - "http://overmaas.tuxtown.net/index.html" "Mozilla/4.0 (compatible; MSIE 6.0; Windows NT 5.1; SV1; .NET CLR 1.1.4322; .NET CLR 2.0.50727)"
66.249.65.7 - - [31/May/2006:05:36:43 +0200] "GET /robots.txt HTTP/1.1" 200 36 "-" "Mozilla/5.0 (compatible; Googlebot/2.1; +http://www.google.com/bot.html)"
66.249.65.7 - - [01/Jun/2006:03:32:44 +0200] "GET /overdac.html HTTP/1.1" 200 3136 "-" "Mozilla/5.0 (compatible; Googlebot/2.1; +http://www.google.com/bot.html)"
83.83.146.102 - - [04/Jun/2006:22:13:27 +0200] "GET / HTTP/1.1" 200 3239 "-" "Mozilla/4.0 (compatible; MSIE 6.0; Windows NT 5.1; SV1)"
83.83.146.102 - - [04/Jun/2006:22:13:47 +0200] "GET /reflist.html HTTP/1.1" 200 3097 "http://overmaas.tuxtown.net/consultancy.html" "Mozilla/4.0 (compatible; MSIE 6.0; Windows NT 5.1; SV1)"
66.249.66.45 - - [08/Jun/2006:19:03:39 +0200] "HEAD / HTTP/1.1" 200 - "-" "Mozilla/5.0 (compatible; Googlebot/2.1; +http://www.google.com/bot.html)"
66.249.65.148 - - [24/Jun/2006:02:14:26 +0200] "GET /sitemap.xml HTTP/1.1" 304 - "-" "Mozilla/5.0 (compatible; Googlebot/2.1; +http://www.google.com/bot.html)"
86.80.1.7 - - [28/Jun/2006:11:59:26 +0200] "GET /map.gif HTTP/1.1" 304 - "http://overmaas.tuxtown.net/route.html" "Mozilla/4.0 (compatible; MSIE 6.0; Windows NT 5.1; SV1; .NET CLR 1.1.4322; .NET CLR 2.0.50727)"
66.249.66.137 - - [03/Jul/2006:04:35:36 +0200] "GET /Interview.pdf HTTP/1.1" 200 857197 "-" "Mozilla/5.0 (compatible; Googlebot/2.1; +http://www.google.com/bot.html)"
66.249.66.137 - - [04/Jul/2006:10:23:53 +0200] "HEAD /DacPresentation.pdf HTTP/1.1" 200 - "-" "Mozilla/5.0 (compatible; Googlebot/2.1; +http://www.google.com/bot.html)"
66.249.66.137 - - [05/Jul/2006:07:22:15 +0200] "HEAD /leftside.html HTTP/1.1" 200 - "-" "Mozilla/5.0 (compatible; Googlebot/2.1; +http://www.google.com/bot.html)"
66.249.66.137 - - [05/Jul/2006:18:48:55 +0200] "HEAD /template.html HTTP/1.1" 200 - "-" "Mozilla/5.0 (compatible; Googlebot/2.1; +http://www.google.com/bot.html)"
66.249.66.137 - - [06/Jul/2006:03:52:45 +0200] "HEAD /DacPresentation.pdf HTTP/1.1" 200 - "-" "Mozilla/5.0 (compatible; Googlebot/2.1; +http://www.google.com/bot.html)"
66.249.66.137 - - [06/Jul/2006:08:40:52 +0200] "GET /sitemap.xml HTTP/1.1" 200 1110 "-" "Mozilla/5.0 (compatible; Googlebot/2.1; +http://www.google.com/bot.html)"
66.249.66.196 - - [08/Jul/2006:07:31:58 +0200] "HEAD /leftside.html HTTP/1.1" 200 - "-" "Mozilla/5.0 (compatible; Googlebot/2.1; +http://www.google.com/bot.html)"
66.249.66.196 - - [09/Jul/2006:07:31:18 +0200] "HEAD /overdac.html HTTP/1.1" 200 - "-" "Mozilla/5.0 (compatible; Googlebot/2.1; +http://www.google.com/bot.html)"
66.249.66.196 - - [10/Jul/2006:07:32:51 +0200] "HEAD /DacPresentation.pdf HTTP/1.1" 200 - "-" "Mozilla/5.0 (compatible; Googlebot/2.1; +http://www.google.com/bot.html)"
66.249.66.196 - - [10/Jul/2006:07:40:13 +0200] "HEAD /dwnload.html HTTP/1.1" 200 - "-" "Mozilla/5.0 (compatible; Googlebot/2.1; +http://www.google.com/bot.html)"
66.249.66.196 - - [11/Jul/2006:07:35:35 +0200] "HEAD /manufactor.html HTTP/1.1" 200 - "-" "Mozilla/5.0 (compatible; Googlebot/2.1; +http://www.google.com/bot.html)"
66.249.66.196 - - [12/Jul/2006:07:51:51 +0200] "HEAD /manufactor.html HTTP/1.1" 200 - "-" "Mozilla/5.0 (compatible; Googlebot/2.1; +http://www.google.com/bot.html)"
66.249.66.196 - - [13/Jul/2006:07:31:25 +0200] "HEAD /template.html HTTP/1.1" 200 - "-" "Mozilla/5.0 (compatible; Googlebot/2.1; +http://www.google.com/bot.html)"
66.249.66.196 - - [14/Jul/2006:07:33:28 +0200] "HEAD /route.html HTTP/1.1" 200 - "-" "Mozilla/5.0 (compatible; Googlebot/2.1; +http://www.google.com/bot.html)"
66.249.66.196 - - [15/Jul/2006:07:18:38 +0200] "HEAD /DacPresentation.pdf HTTP/1.1" 200 - "-" "Mozilla/5.0 (compatible; Googlebot/2.1; +http://www.google.com/bot.html)"
66.249.66.196 - - [15/Jul/2006:07:31:42 +0200] "HEAD /template.html HTTP/1.1" 200 - "-" "Mozilla/5.0 (compatible; Googlebot/2.1; +http://www.google.com/bot.html)"
66.249.66.196 - - [16/Jul/2006:07:27:53 +0200] "HEAD /DacPresentation.pdf HTTP/1.1" 200 - "-" "Mozilla/5.0 (compatible; Googlebot/2.1; +http://www.google.com/bot.html)"
66.249.66.196 - - [17/Jul/2006:07:17:53 +0200] "HEAD /manufactor.html HTTP/1.1" 200 - "-" "Mozilla/5.0 (compatible; Googlebot/2.1; +http://www.google.com/bot.html)"
86.80.1.7 - - [18/Jul/2006:07:23:52 +0200] "GET /daclogoweer2.png HTTP/1.1" 200 13348 "http://overmaas.tuxtown.net/index.html" "Mozilla/4.0 (compatible; MSIE 6.0; Windows NT 5.1; SV1; .NET CLR 1.1.4322; .NET CLR 2.0.50727)"
66.249.66.47 - - [19/Jul/2006:07:38:02 +0200] "GET /robots.txt HTTP/1.1" 200 36 "-" "Mozilla/5.0 (compatible; Googlebot/2.1; +http://www.google.com/bot.html)"
66.249.66.47 - - [19/Jul/2006:07:48:18 +0200] "HEAD /manufactor.html HTTP/1.1" 200 - "-" "Mozilla/5.0 (compatible; Googlebot/2.1; +http://www.google.com/bot.html)"
66.249.66.47 - - [20/Jul/2006:07:57:26 +0200] "HEAD /template.html HTTP/1.1" 200 - "-" "Mozilla/5.0 (compatible; Googlebot/2.1; +http://www.google.com/bot.html)"
66.249.66.47 - - [24/Jul/2006:22:25:40 +0200] "GET /robots.txt HTTP/1.1" 200 36 "-" "Mozilla/5.0 (compatible; Googlebot/2.1; +http://www.google.com/bot.html)"
66.249.66.47 - - [26/Jul/2006:07:39:57 +0200] "GET /robots.txt HTTP/1.1" 200 36 "-" "Mozilla/5.0 (compatible; Googlebot/2.1; +http://www.google.com/bot.html)"
66.249.66.47 - - [27/Jul/2006:07:43:50 +0200] "GET /manufactor.html HTTP/1.1" 200 2969 "-" "Mozilla/5.0 (compatible; Googlebot/2.1; +http://www.google.com/bot.html)"
66.249.66.196 - - [28/Jul/2006:06:49:59 +0200] "GET /route.html HTTP/1.1" 200 1328 "-" "Mozilla/5.0 (compatible; Googlebot/2.1; +http://www.google.com/bot.html)"
66.249.66.196 - - [30/Jul/2006:07:07:10 +0200] "GET /template.html HTTP/1.1" 200 1333 "-" "Mozilla/5.0 (compatible; Googlebot/2.1; +http://www.google.com/bot.html)"
66.249.66.196 - - [31/Jul/2006:06:40:04 +0200] "GET /robots.txt HTTP/1.1" 200 36 "-" "Mozilla/5.0 (compatible; Googlebot/2.1; +http://www.google.com/bot.html)"
66.249.66.196 - - [01/Aug/2006:07:02:58 +0200] "GET /dwnload.html HTTP/1.1" 304 - "-" "Mozilla/5.0 (compatible; Googlebot/2.1; +http://www.google.com/bot.html)"
66.249.66.196 - - [02/Aug/2006:06:17:00 +0200] "GET /leftside.html HTTP/1.1" 200 21 "-" "Mozilla/5.0 (compatible; Googlebot/2.1; +http://www.google.com/bot.html)"
66.249.66.196 - - [03/Aug/2006:05:53:22 +0200] "GET / HTTP/1.1" 200 3239 "-" "Mozilla/5.0 (compatible; Googlebot/2.1; +http://www.google.com/bot.html)"
64.233.172.21 - - [04/Aug/2006:07:19:05 +0200] "GET /googleb531d8e90cad9bf3.html HTTP/1.1" 200 - "-" "Google-Sitemaps/1.0"
66.249.66.196 - - [05/Aug/2006:07:07:32 +0200] "GET /leftside.html HTTP/1.1" 200 21 "-" "Mozilla/5.0 (compatible; Googlebot/2.1; +http://www.google.com/bot.html)"
66.249.66.196 - - [07/Aug/2006:06:30:39 +0200] "GET /robots.txt HTTP/1.1" 200 36 "-" "Mozilla/5.0 (compatible; Googlebot/2.1; +http://www.google.com/bot.html)"
66.249.66.196 - - [07/Aug/2006:06:43:43 +0200] "GET /manufactor.html HTTP/1.1" 304 - "-" "Mozilla/5.0 (compatible; Googlebot/2.1; +http://www.google.com/bot.html)"
66.249.66.196 - - [09/Aug/2006:06:32:21 +0200] "GET /leftside.html HTTP/1.1" 200 21 "-" "Mozilla/5.0 (compatible; Googlebot/2.1; +http://www.google.com/bot.html)"
66.249.66.196 - - [10/Aug/2006:00:01:42 +0200] "GET /consultancy.html HTTP/1.1" 200 1218 "-" "Mozilla/5.0 (compatible; Googlebot/2.1; +http://www.google.com/bot.html)"
66.249.66.196 - - [10/Aug/2006:06:49:20 +0200] "GET /route.html HTTP/1.1" 200 1328 "-" "Mozilla/5.0 (compatible; Googlebot/2.1; +http://www.google.com/bot.html)"
66.249.66.37 - - [11/Aug/2006:06:37:17 +0200] "GET /leftside.html HTTP/1.1" 200 21 "-" "Mozilla/5.0 (compatible; Googlebot/2.1; +http://www.google.com/bot.html)"
66.249.66.37 - - [12/Aug/2006:06:53:08 +0200] "GET /DacPresentation.pdf HTTP/1.1" 200 1264367 "-" "Mozilla/5.0 (compatible; Googlebot/2.1; +http://www.google.com/bot.html)"
66.249.66.37 - - [13/Aug/2006:06:20:22 +0200] "GET /manufactor.html HTTP/1.1" 304 - "-" "Mozilla/5.0 (compatible; Googlebot/2.1; +http://www.google.com/bot.html)"
66.249.66.37 - - [14/Aug/2006:07:05:32 +0200] "GET /overdac.html HTTP/1.1" 200 3136 "-" "Mozilla/5.0 (compatible; Googlebot/2.1; +http://www.google.com/bot.html)"
66.249.66.37 - - [15/Aug/2006:06:49:02 +0200] "GET / HTTP/1.1" 304 - "-" "Mozilla/5.0 (compatible; Googlebot/2.1; +http://www.google.com/bot.html)"
66.249.66.145 - - [17/Aug/2006:06:39:33 +0200] "GET /robots.txt HTTP/1.1" 200 36 "-" "Mozilla/5.0 (compatible; Googlebot/2.1; +http://www.google.com/bot.html)"
66.249.66.145 - - [17/Aug/2006:07:15:29 +0200] "GET /template.html HTTP/1.1" 304 - "-" "Mozilla/5.0 (compatible; Googlebot/2.1; +http://www.google.com/bot.html)"
66.249.65.18 - - [19/Aug/2006:06:29:22 +0200] "GET /dwnload.html HTTP/1.1" 200 1664 "-" "Mozilla/5.0 (compatible; Googlebot/2.1; +http://www.google.com/bot.html)"
66.249.65.18 - - [20/Aug/2006:06:39:02 +0200] "GET /DacPresentation.pdf HTTP/1.1" 200 1264367 "-" "Mozilla/5.0 (compatible; Googlebot/2.1; +http://www.google.com/bot.html)"
66.249.65.18 - - [21/Aug/2006:06:21:55 +0200] "GET /dwnload.html HTTP/1.1" 304 - "-" "Mozilla/5.0 (compatible; Googlebot/2.1; +http://www.google.com/bot.html)"
66.249.66.241 - - [23/Aug/2006:06:48:36 +0200] "GET /route.html HTTP/1.1" 200 1328 "-" "Mozilla/5.0 (compatible; Googlebot/2.1; +http://www.google.com/bot.html)"
66.249.66.206 - - [26/Aug/2006:07:45:56 +0200] "GET /robots.txt HTTP/1.1" 200 36 "-" "Mozilla/5.0 (compatible; Googlebot/2.1; +http://www.google.com/bot.html)"
66.249.66.206 - - [27/Aug/2006:06:36:01 +0200] "GET /DacPresentation.pdf HTTP/1.1" 200 1264367 "-" "Mozilla/5.0 (compatible; Googlebot/2.1; +http://www.google.com/bot.html)"
66.249.66.206 - - [28/Aug/2006:06:34:06 +0200] "GET /leftside.html HTTP/1.1" 200 21 "-" "Mozilla/5.0 (compatible; Googlebot/2.1; +http://www.google.com/bot.html)"
66.249.66.206 - - [29/Aug/2006:06:26:04 +0200] "GET / HTTP/1.1" 304 - "-" "Mozilla/5.0 (compatible; Googlebot/2.1; +http://www.google.com/bot.html)"
66.249.66.228 - - [30/Aug/2006:06:13:34 +0200] "GET /leftside.html HTTP/1.1" 304 - "-" "Mozilla/5.0 (compatible; Googlebot/2.1; +http://www.google.com/bot.html)"
66.249.66.228 - - [01/Sep/2006:06:39:46 +0200] "GET /manufactor.html HTTP/1.1" 200 2969 "-" "Mozilla/5.0 (compatible; Googlebot/2.1; +http://www.google.com/bot.html)"
66.249.66.228 - - [01/Sep/2006:07:34:32 +0200] "GET /DacPresentation.pdf HTTP/1.1" 200 1264367 "-" "Mozilla/5.0 (compatible; Googlebot/2.1; +http://www.google.com/bot.html)"
66.249.66.228 - - [02/Sep/2006:06:44:11 +0200] "GET /leftside.html HTTP/1.1" 304 - "-" "Mozilla/5.0 (compatible; Googlebot/2.1; +http://www.google.com/bot.html)"
66.249.66.228 - - [03/Sep/2006:06:22:25 +0200] "GET /dwnload.html HTTP/1.1" 200 1664 "-" "Mozilla/5.0 (compatible; Googlebot/2.1; +http://www.google.com/bot.html)"
66.249.66.228 - - [04/Sep/2006:06:25:40 +0200] "GET /route.html HTTP/1.1" 200 1328 "-" "Mozilla/5.0 (compatible; Googlebot/2.1; +http://www.google.com/bot.html)"
66.249.66.241 - - [06/Sep/2006:07:18:15 +0200] "GET / HTTP/1.1" 200 3239 "-" "Mozilla/5.0 (compatible; Googlebot/2.1; +http://www.google.com/bot.html)"
66.249.65.71 - - [07/Sep/2006:07:43:48 +0200] "GET /DacPresentation.pdf HTTP/1.1" 200 1264367 "-" "Mozilla/5.0 (compatible; Googlebot/2.1; +http://www.google.com/bot.html)"
66.249.65.71 - - [08/Sep/2006:07:05:17 +0200] "GET /route.html HTTP/1.1" 304 - "-" "Mozilla/5.0 (compatible; Googlebot/2.1; +http://www.google.com/bot.html)"
66.249.65.71 - - [09/Sep/2006:06:47:28 +0200] "GET / HTTP/1.1" 200 3239 "-" "Mozilla/5.0 (compatible; Googlebot/2.1; +http://www.google.com/bot.html)"
66.249.65.71 - - [11/Sep/2006:06:50:10 +0200] "GET /dwnload.html HTTP/1.1" 200 1664 "-" "Mozilla/5.0 (compatible; Googlebot/2.1; +http://www.google.com/bot.html)"
66.249.66.240 - - [12/Sep/2006:10:32:58 +0200] "GET /DacPresentation.pdf HTTP/1.1" 200 1264367 "-" "Mozilla/5.0 (compatible; Googlebot/2.1; +http://www.google.com/bot.html)"
66.249.66.240 - - [14/Sep/2006:05:33:42 +0200] "GET /DacPresentation.pdf HTTP/1.1" 200 1264367 "-" "Mozilla/5.0 (compatible; Googlebot/2.1; +http://www.google.com/bot.html)"
66.249.66.240 - - [14/Sep/2006:08:07:27 +0200] "GET /DacPresentation.pdf HTTP/1.1" 200 1264367 "-" "Mozilla/5.0 (compatible; Googlebot/2.1; +http://www.google.com/bot.html)"
66.249.66.240 - - [15/Sep/2006:06:03:04 +0200] "GET /manufactor.html HTTP/1.1" 200 2969 "-" "Mozilla/5.0 (compatible; Googlebot/2.1; +http://www.google.com/bot.html)"
66.249.66.240 - - [17/Sep/2006:06:01:31 +0200] "GET /robots.txt HTTP/1.1" 200 36 "-" "Mozilla/5.0 (compatible; Googlebot/2.1; +http://www.google.com/bot.html)"
66.249.66.240 - - [17/Sep/2006:07:52:44 +0200] "GET /overdac.html HTTP/1.1" 304 - "-" "Mozilla/5.0 (compatible; Googlebot/2.1; +http://www.google.com/bot.html)"
66.249.66.240 - - [17/Sep/2006:10:58:31 +0200] "GET /overdac.html HTTP/1.1" 304 - "-" "Mozilla/5.0 (compatible; Googlebot/2.1; +http://www.google.com/bot.html)"
66.249.66.240 - - [18/Sep/2006:06:21:30 +0200] "GET /sitemap.xml HTTP/1.1" 200 1110 "-" "Mozilla/5.0 (compatible; Googlebot/2.1; +http://www.google.com/bot.html)"
66.249.66.142 - - [19/Sep/2006:06:05:26 +0200] "GET /template.html HTTP/1.1" 200 1333 "-" "Mozilla/5.0 (compatible; Googlebot/2.1; +http://www.google.com/bot.html)"
66.249.65.73 - - [20/Sep/2006:05:59:26 +0200] "GET /DacPresentation.pdf HTTP/1.1" 200 1264367 "-" "Mozilla/5.0 (compatible; Googlebot/2.1; +http://www.google.com/bot.html)"
66.249.66.47 - - [21/Sep/2006:06:45:24 +0200] "GET /template.html HTTP/1.1" 200 1333 "-" "Mozilla/5.0 (compatible; Googlebot/2.1; +http://www.google.com/bot.html)"
66.249.66.47 - - [23/Sep/2006:05:43:00 +0200] "GET /leftside.html HTTP/1.1" 200 21 "-" "Mozilla/5.0 (compatible; Googlebot/2.1; +http://www.google.com/bot.html)"
66.249.66.47 - - [26/Sep/2006:05:49:35 +0200] "GET /route.html HTTP/1.1" 200 1328 "-" "Mozilla/5.0 (compatible; Googlebot/2.1; +http://www.google.com/bot.html)"
66.249.65.7 - - [27/Sep/2006:05:49:59 +0200] "GET /overdac.html HTTP/1.1" 304 - "-" "Mozilla/5.0 (compatible; Googlebot/2.1; +http://www.google.com/bot.html)"
66.249.65.172 - - [29/Sep/2006:05:46:10 +0200] "GET /overdac.html HTTP/1.1" 200 3136 "-" "Mozilla/5.0 (compatible; Googlebot/2.1; +http://www.google.com/bot.html)"
66.249.65.172 - - [29/Sep/2006:07:59:01 +0200] "GET /DacPresentation.pdf HTTP/1.1" 200 1264367 "-" "Mozilla/5.0 (compatible; Googlebot/2.1; +http://www.google.com/bot.html)"
66.249.65.172 - - [30/Sep/2006:06:06:06 +0200] "GET /DacPresentation.pdf HTTP/1.1" 200 1264367 "-" "Mozilla/5.0 (compatible; Googlebot/2.1; +http://www.google.com/bot.html)"
66.249.65.42 - - [01/Oct/2006:06:20:25 +0200] "GET / HTTP/1.1" 200 3239 "-" "Mozilla/5.0 (compatible; Googlebot/2.1; +http://www.google.com/bot.html)"
66.249.65.1 - - [03/Oct/2006:07:54:16 +0200] "GET /DacPresentation.pdf HTTP/1.1" 200 1264367 "-" "Mozilla/5.0 (compatible; Googlebot/2.1; +http://www.google.com/bot.html)"
66.249.72.244 - - [04/Oct/2006:06:00:48 +0200] "GET /route.html HTTP/1.1" 200 1328 "-" "Mozilla/5.0 (compatible; Googlebot/2.1; +http://www.google.com/bot.html)"
66.249.72.244 - - [05/Oct/2006:12:38:05 +0200] "GET /DacPresentation.pdf HTTP/1.1" 200 1264367 "-" "Mozilla/5.0 (compatible; Googlebot/2.1; +http://www.google.com/bot.html)"
66.249.72.244 - - [06/Oct/2006:06:42:49 +0200] "GET /dwnload.html HTTP/1.1" 200 1664 "-" "Mozilla/5.0 (compatible; Googlebot/2.1; +http://www.google.com/bot.html)"
66.249.72.244 - - [07/Oct/2006:06:43:28 +0200] "GET / HTTP/1.1" 200 3239 "-" "Mozilla/5.0 (compatible; Googlebot/2.1; +http://www.google.com/bot.html)"
66.249.72.244 - - [08/Oct/2006:05:46:17 +0200] "GET / HTTP/1.1" 304 - "-" "Mozilla/5.0 (compatible; Googlebot/2.1; +http://www.google.com/bot.html)"
66.249.72.244 - - [10/Oct/2006:06:02:00 +0200] "GET /robots.txt HTTP/1.1" 200 36 "-" "Mozilla/5.0 (compatible; Googlebot/2.1; +http://www.google.com/bot.html)"
66.249.65.208 - - [11/Oct/2006:05:48:06 +0200] "GET /manufactor.html HTTP/1.1" 200 2969 "-" "Mozilla/5.0 (compatible; Googlebot/2.1; +http://www.google.com/bot.html)"
66.249.65.179 - - [12/Oct/2006:06:14:53 +0200] "GET /dwnload.html HTTP/1.1" 200 1664 "-" "Mozilla/5.0 (compatible; Googlebot/2.1; +http://www.google.com/bot.html)"
66.249.65.179 - - [13/Oct/2006:07:42:23 +0200] "GET /overdac.html HTTP/1.1" 200 3136 "-" "Mozilla/5.0 (compatible; Googlebot/2.1; +http://www.google.com/bot.html)"
66.249.65.179 - - [15/Oct/2006:06:26:50 +0200] "GET /template.html HTTP/1.1" 200 1333 "-" "Mozilla/5.0 (compatible; Googlebot/2.1; +http://www.google.com/bot.html)"
80.60.118.26 - - [15/Oct/2006:23:07:14 +0200] "GET /daclogoweer2.png HTTP/1.1" 200 13348 "http://overmaas.tuxtown.net/overdac.html" "Mozilla/4.0 (compatible; MSIE 7.0; Windows NT 5.1; .NET CLR 1.1.4322; .NET CLR 2.0.50727; .NET CLR 1.0.3705)"
80.60.118.26 - - [15/Oct/2006:23:08:13 +0200] "GET /dacstyle.css HTTP/1.1" 304 - "http://overmaas.tuxtown.net/consultancy.html" "Mozilla/4.0 (compatible; MSIE 7.0; Windows NT 5.1; .NET CLR 1.1.4322; .NET CLR 2.0.50727; .NET CLR 1.0.3705)"
80.60.118.26 - - [15/Oct/2006:23:08:21 +0200] "GET /reflist.html HTTP/1.1" 200 3097 "http://overmaas.tuxtown.net/consultancy.html" "Mozilla/4.0 (compatible; MSIE 7.0; Windows NT 5.1; .NET CLR 1.1.4322; .NET CLR 2.0.50727; .NET CLR 1.0.3705)"
80.60.118.26 - - [15/Oct/2006:23:08:51 +0200] "GET /map.gif HTTP/1.1" 200 23438 "http://overmaas.tuxtown.net/route.html" "Mozilla/4.0 (compatible; MSIE 7.0; Windows NT 5.1; .NET CLR 1.1.4322; .NET CLR 2.0.50727; .NET CLR 1.0.3705)"
80.60.118.26 - - [15/Oct/2006:23:09:01 +0200] "GET /dacachter.JPG HTTP/1.1" 304 - "http://overmaas.tuxtown.net/overdac.html" "Mozilla/4.0 (compatible; MSIE 7.0; Windows NT 5.1; .NET CLR 1.1.4322; .NET CLR 2.0.50727; .NET CLR 1.0.3705)"
80.60.118.26 - - [15/Oct/2006:23:09:34 +0200] "GET /actuator.html HTTP/1.1" 200 2970 "http://overmaas.tuxtown.net/index.html" "Mozilla/4.0 (compatible; MSIE 7.0; Windows NT 5.1; .NET CLR 1.1.4322; .NET CLR 2.0.50727; .NET CLR 1.0.3705)"
80.60.118.26 - - [15/Oct/2006:23:10:00 +0200] "GET /pics1/dacimg1-058.jpg HTTP/1.1" 304 - "http://overmaas.tuxtown.net/actuator.html" "Mozilla/4.0 (compatible; MSIE 7.0; Windows NT 5.1; .NET CLR 1.1.4322; .NET CLR 2.0.50727; .NET CLR 1.0.3705)"
80.60.118.26 - - [15/Oct/2006:23:10:19 +0200] "GET /pics/dacimg-001.jpg HTTP/1.1" 304 - "http://overmaas.tuxtown.net/route.html" "Mozilla/4.0 (compatible; MSIE 7.0; Windows NT 5.1; .NET CLR 1.1.4322; .NET CLR 2.0.50727; .NET CLR 1.0.3705)"
80.60.118.26 - - [15/Oct/2006:23:10:37 +0200] "GET /daclogoweer2.png HTTP/1.1" 304 - "http://overmaas.tuxtown.net/consultancy.html" "Mozilla/4.0 (compatible; MSIE 7.0; Windows NT 5.1; .NET CLR 1.1.4322; .NET CLR 2.0.50727; .NET CLR 1.0.3705)"
66.249.65.179 - - [16/Oct/2006:06:35:27 +0200] "GET / HTTP/1.1" 200 3239 "-" "Mozilla/5.0 (compatible; Googlebot/2.1; +http://www.google.com/bot.html)"
66.249.72.173 - - [17/Oct/2006:06:14:40 +0200] "GET /template.html HTTP/1.1" 200 1333 "-" "Mozilla/5.0 (compatible; Googlebot/2.1; +http://www.google.com/bot.html)"
66.249.72.173 - - [18/Oct/2006:03:12:16 +0200] "GET /route.html HTTP/1.1" 200 1328 "-" "Mozilla/5.0 (compatible; Googlebot/2.1; +http://www.google.com/bot.html)"
66.249.72.173 - - [19/Oct/2006:06:19:19 +0200] "GET /DacPresentation.pdf HTTP/1.1" 200 1264367 "-" "Mozilla/5.0 (compatible; Googlebot/2.1; +http://www.google.com/bot.html)"
66.249.72.173 - - [20/Oct/2006:05:51:05 +0200] "GET /manufactor.html HTTP/1.1" 200 2969 "-" "Mozilla/5.0 (compatible; Googlebot/2.1; +http://www.google.com/bot.html)"
